<html>
<body>
<pre>
<h1>µVision Build Log</h1>
<h2>Tool Versions:</h2>
IDE-Version: ¦ÌVision V5.14.0.0
Copyright (C) 2015 ARM Ltd and ARM Germany GmbH. All rights reserved.
License Information: liuwei Microsoft, Microsoft, LIC=S5ILQ-N3ZTG-8X5UZ-J6QHR-D7AG7-TBRRK
 
Tool Versions:
Toolchain:       MDK-ARM Professional  Version: 5.14.0.0
Toolchain Path:  C:\Keil\ARM\ARMCC\Bin
C Compiler:      Armcc.exe V5.05 update 1 (build 106)
Assembler:       Armasm.exe V5.05 update 1 (build 106)
Linker/Locator:  ArmLink.exe V5.05 update 1 (build 106)
Library Manager: ArmAr.exe V5.05 update 1 (build 106)
Hex Converter:   FromElf.exe V5.05 update 1 (build 106)
CPU DLL:         SARMCM3.DLL V5.14.0.0
Dialog DLL:      DCM.DLL V1.13.1.0
Target DLL:      Segger\JL2CM3.dll V2.99.13.0
Dialog DLL:      TCM.DLL V1.14.4.0
 
<h2>Project:</h2>
C:\ARTYSON\My_pix4\my_pix4.uvprojx
Project File Date:  06/10/2015

<h2>Output:</h2>
Build target 'STM32F427'
compiling main.c...
compiling timer.c...
compiling lsm303d.c...
linking...
Program Size: Code=12970 RO-data=478 RW-data=32 ZI-data=1280  
FromELF: creating hex file...
".\Objects\my_pix4.axf" - 0 Error(s), 0 Warning(s).

<h2>Software Packages used:</h2>

Package Vendor: Keil
                http://www.keil.com/pack/Keil.STM32F4xx_DFP.2.4.0.pack
                Keil::Device:Startup:2.1.0
                STMicroelectronics STM32F4 Series Device Support, Drivers and Examples
   * Component: Startup Version: 2.1.0

<h2>Collection of Component include folders:</h2>
  C:\ARTYSON\My_pix4\RTE
  C:\Keil\ARM\PACK\Keil\STM32F4xx_DFP\2.4.0
  C:\Keil\ARM\PACK\Keil\STM32F4xx_DFP\2.4.0\Drivers\CMSIS\Device\ST\STM32F4xx\Include

<h2>Collection of Component Files used:</h2>

   * Component: Keil::Device:Startup:2.1.0
      Source file:   MDK\Device\Source\ARM\STM32F42xxx_43xxx_OPT.s
      Source file:   MDK\Device\Source\ARM\STM32F4xx_OTP.s
      Include file:  Drivers\CMSIS\Device\ST\STM32F4xx\Include\stm32f4xx.h
      Source file:   Drivers\CMSIS\Device\ST\STM32F4xx\Source\Templates\arm\startup_stm32f427xx.s
      Source file:   MDK\Device\Source\ARM\system_stm32f4xx.c
</pre>
</body>
</html>
