Component: ARM Compiler 5.05 update 1 (build 106) Tool: armlink [4d0efa]

==============================================================================

Section Cross References

    main.o(i.SystemClock_Config) refers to stm32f4xx_hal_rcc.o(i.HAL_RCC_OscConfig) for HAL_RCC_OscConfig
    main.o(i.SystemClock_Config) refers to stm32f4xx_hal_rcc.o(i.HAL_RCC_ClockConfig) for HAL_RCC_ClockConfig
    main.o(i.assert_failed) refers to printf3.o(i.__0printf$3) for __2printf
    main.o(i.assert_failed) refers to stm32f4xx_hal.o(i.HAL_Delay) for HAL_Delay
    main.o(i.main) refers to stm32f4xx_hal.o(i.HAL_Init) for HAL_Init
    main.o(i.main) refers to main.o(i.SystemClock_Config) for SystemClock_Config
    main.o(i.main) refers to led.o(i.LED_Init) for LED_Init
    main.o(i.main) refers to uart.o(i.UART7_Init) for UART7_Init
    main.o(i.main) refers to led.o(i.POWER_Init) for POWER_Init
    main.o(i.main) refers to timer.o(i.TIM5_Init) for TIM5_Init
    main.o(i.main) refers to spi.o(i.SPI1_Init) for SPI1_Init
    main.o(i.main) refers to mpu6000.o(i.MPU6000_Init) for MPU6000_Init
    main.o(i.main) refers to stm32f4xx_hal.o(i.HAL_Delay) for HAL_Delay
    led.o(i.Display_Power) refers to stm32f4xx_hal_gpio.o(i.HAL_GPIO_ReadPin) for HAL_GPIO_ReadPin
    led.o(i.Display_Power) refers to printf3.o(i.__0printf$3) for __2printf
    led.o(i.LED_Init) refers to stm32f4xx_hal_gpio.o(i.HAL_GPIO_Init) for HAL_GPIO_Init
    led.o(i.LED_Init) refers to stm32f4xx_hal_gpio.o(i.HAL_GPIO_WritePin) for HAL_GPIO_WritePin
    led.o(i.LED_Init) refers to led.o(.constdata) for GPIO_PIN
    led.o(i.LED_Init) refers to led.o(.data) for GPIO_PORT
    led.o(i.LED_Off) refers to stm32f4xx_hal_gpio.o(i.HAL_GPIO_WritePin) for HAL_GPIO_WritePin
    led.o(i.LED_Off) refers to led.o(.constdata) for GPIO_PIN
    led.o(i.LED_Off) refers to led.o(.data) for GPIO_PORT
    led.o(i.LED_On) refers to stm32f4xx_hal_gpio.o(i.HAL_GPIO_WritePin) for HAL_GPIO_WritePin
    led.o(i.LED_On) refers to led.o(.constdata) for GPIO_PIN
    led.o(i.LED_On) refers to led.o(.data) for GPIO_PORT
    led.o(i.LED_Toggle) refers to stm32f4xx_hal_gpio.o(i.HAL_GPIO_TogglePin) for HAL_GPIO_TogglePin
    led.o(i.LED_Toggle) refers to led.o(.constdata) for GPIO_PIN
    led.o(i.LED_Toggle) refers to led.o(.data) for GPIO_PORT
    led.o(i.POWER_Init) refers to led.o(i.VDD_VALID_Init) for VDD_VALID_Init
    led.o(i.POWER_Init) refers to led.o(i.Display_Power) for Display_Power
    led.o(i.POWER_Init) refers to led.o(i.VDD_CTRL_Init) for VDD_CTRL_Init
    led.o(i.VDD_3V3_SENSORS_EN_DISABLE) refers to stm32f4xx_hal_gpio.o(i.HAL_GPIO_WritePin) for HAL_GPIO_WritePin
    led.o(i.VDD_3V3_SENSORS_EN_DISABLE) refers to printf3.o(i.__0printf$3) for __2printf
    led.o(i.VDD_3V3_SENSORS_EN_ENABLE) refers to stm32f4xx_hal_gpio.o(i.HAL_GPIO_WritePin) for HAL_GPIO_WritePin
    led.o(i.VDD_3V3_SENSORS_EN_ENABLE) refers to printf3.o(i.__0printf$3) for __2printf
    led.o(i.VDD_5V_HIPOWER_OC_DISABLE) refers to stm32f4xx_hal_gpio.o(i.HAL_GPIO_WritePin) for HAL_GPIO_WritePin
    led.o(i.VDD_5V_HIPOWER_OC_DISABLE) refers to printf3.o(i.__0printf$3) for __2printf
    led.o(i.VDD_5V_HIPOWER_OC_ENABLE) refers to stm32f4xx_hal_gpio.o(i.HAL_GPIO_WritePin) for HAL_GPIO_WritePin
    led.o(i.VDD_5V_HIPOWER_OC_ENABLE) refers to printf3.o(i.__0printf$3) for __2printf
    led.o(i.VDD_5V_PERIPH_EN_DISABLE) refers to stm32f4xx_hal_gpio.o(i.HAL_GPIO_WritePin) for HAL_GPIO_WritePin
    led.o(i.VDD_5V_PERIPH_EN_DISABLE) refers to printf3.o(i.__0printf$3) for __2printf
    led.o(i.VDD_5V_PERIPH_EN_ENABLE) refers to stm32f4xx_hal_gpio.o(i.HAL_GPIO_WritePin) for HAL_GPIO_WritePin
    led.o(i.VDD_5V_PERIPH_EN_ENABLE) refers to printf3.o(i.__0printf$3) for __2printf
    led.o(i.VDD_5V_PERIPH_OC_DISABLE) refers to stm32f4xx_hal_gpio.o(i.HAL_GPIO_WritePin) for HAL_GPIO_WritePin
    led.o(i.VDD_5V_PERIPH_OC_DISABLE) refers to printf3.o(i.__0printf$3) for __2printf
    led.o(i.VDD_5V_PERIPH_OC_ENABLE) refers to stm32f4xx_hal_gpio.o(i.HAL_GPIO_WritePin) for HAL_GPIO_WritePin
    led.o(i.VDD_5V_PERIPH_OC_ENABLE) refers to printf3.o(i.__0printf$3) for __2printf
    led.o(i.VDD_CTRL_Init) refers to stm32f4xx_hal_gpio.o(i.HAL_GPIO_Init) for HAL_GPIO_Init
    led.o(i.VDD_CTRL_Init) refers to led.o(i.VDD_5V_PERIPH_EN_ENABLE) for VDD_5V_PERIPH_EN_ENABLE
    led.o(i.VDD_CTRL_Init) refers to led.o(i.VDD_3V3_SENSORS_EN_ENABLE) for VDD_3V3_SENSORS_EN_ENABLE
    led.o(i.VDD_CTRL_Init) refers to led.o(i.VDD_5V_HIPOWER_OC_ENABLE) for VDD_5V_HIPOWER_OC_ENABLE
    led.o(i.VDD_CTRL_Init) refers to led.o(i.VDD_5V_PERIPH_OC_ENABLE) for VDD_5V_PERIPH_OC_ENABLE
    led.o(i.VDD_VALID_Init) refers to stm32f4xx_hal_gpio.o(i.HAL_GPIO_Init) for HAL_GPIO_Init
    stm32f4xx_it.o(i.SysTick_Handler) refers to stm32f4xx_hal.o(i.HAL_IncTick) for HAL_IncTick
    uart.o(i.UART7_IRQHandler) refers to printf3.o(i.__0printf$3) for __2printf
    uart.o(i.UART7_IRQHandler) refers to uart.o(.bss) for UartHandle
[...]
    printf1.o(i.__0vprintf$1) refers to printf1.o(i._printf_core) for _printf_core
    printf1.o(i.__0vprintf$1) refers to uart.o(i.fputc) for fputc
    printf1.o(i.__0vprintf$1) refers to stdout.o(.data) for __stdout
    printf1.o(i.__0vsnprintf$1) refers to printf1.o(i._printf_core) for _printf_core
    printf1.o(i.__0vsnprintf$1) refers to printf1.o(i._snputc) for _snputc
    printf1.o(i.__0vsprintf$1) refers to printf1.o(i._printf_core) for _printf_core
    printf1.o(i.__0vsprintf$1) refers to printf1.o(i._sputc) for _sputc
    printf1.o(i._printf_core) refers to uidiv.o(.text) for __aeabi_uidivmod
    printf2.o(i.__0fprintf$2) refers to printf2.o(i._printf_core) for _printf_core
    printf2.o(i.__0fprintf$2) refers to uart.o(i.fputc) for fputc
    printf2.o(i.__0printf$2) refers to printf2.o(i._printf_core) for _printf_core
    printf2.o(i.__0printf$2) refers to uart.o(i.fputc) for fputc
    printf2.o(i.__0printf$2) refers to stdout.o(.data) for __stdout
    printf2.o(i.__0snprintf$2) refers to printf2.o(i._printf_core) for _printf_core
    printf2.o(i.__0snprintf$2) refers to printf2.o(i._snputc) for _snputc
    printf2.o(i.__0sprintf$2) refers to printf2.o(i._printf_core) for _printf_core
    printf2.o(i.__0sprintf$2) refers to printf2.o(i._sputc) for _sputc
    printf2.o(i.__0vfprintf$2) refers to printf2.o(i._printf_core) for _printf_core
    printf2.o(i.__0vfprintf$2) refers to uart.o(i.fputc) for fputc
    printf2.o(i.__0vprintf$2) refers to printf2.o(i._printf_core) for _printf_core
    printf2.o(i.__0vprintf$2) refers to uart.o(i.fputc) for fputc
    printf2.o(i.__0vprintf$2) refers to stdout.o(.data) for __stdout
    printf2.o(i.__0vsnprintf$2) refers to printf2.o(i._printf_core) for _printf_core
    printf2.o(i.__0vsnprintf$2) refers to printf2.o(i._snputc) for _snputc
    printf2.o(i.__0vsprintf$2) refers to printf2.o(i._printf_core) for _printf_core
    printf2.o(i.__0vsprintf$2) refers to printf2.o(i._sputc) for _sputc
    printf3.o(i.__0fprintf$3) refers to printf3.o(i._printf_core) for _printf_core
    printf3.o(i.__0fprintf$3) refers to uart.o(i.fputc) for fputc
    printf3.o(i.__0printf$3) refers to printf3.o(i._printf_core) for _printf_core
    printf3.o(i.__0printf$3) refers to uart.o(i.fputc) for fputc
    printf3.o(i.__0printf$3) refers to stdout.o(.data) for __stdout
    printf3.o(i.__0snprintf$3) refers to printf3.o(i._printf_core) for _printf_core
    printf3.o(i.__0snprintf$3) refers to printf3.o(i._snputc) for _snputc
    printf3.o(i.__0sprintf$3) refers to printf3.o(i._printf_core) for _printf_core
    printf3.o(i.__0sprintf$3) refers to printf3.o(i._sputc) for _sputc
    printf3.o(i.__0vfprintf$3) refers to printf3.o(i._printf_core) for _printf_core
    printf3.o(i.__0vfprintf$3) refers to uart.o(i.fputc) for fputc
    printf3.o(i.__0vprintf$3) refers to printf3.o(i._printf_core) for _printf_core
    printf3.o(i.__0vprintf$3) refers to uart.o(i.fputc) for fputc
    printf3.o(i.__0vprintf$3) refers to stdout.o(.data) for __stdout
    printf3.o(i.__0vsnprintf$3) refers to printf3.o(i._printf_core) for _printf_core
    printf3.o(i.__0vsnprintf$3) refers to printf3.o(i._snputc) for _snputc
    printf3.o(i.__0vsprintf$3) refers to printf3.o(i._printf_core) for _printf_core
    printf3.o(i.__0vsprintf$3) refers to printf3.o(i._sputc) for _sputc
    printf3.o(i._printf_core) refers to uidiv.o(.text) for __aeabi_uidivmod
    printf4.o(i.__0fprintf$4) refers to printf4.o(i._printf_core) for _printf_core
    printf4.o(i.__0fprintf$4) refers to uart.o(i.fputc) for fputc
    printf4.o(i.__0printf$4) refers to printf4.o(i._printf_core) for _printf_core
    printf4.o(i.__0printf$4) refers to uart.o(i.fputc) for fputc
    printf4.o(i.__0printf$4) refers to stdout.o(.data) for __stdout
    printf4.o(i.__0snprintf$4) refers to printf4.o(i._printf_core) for _printf_core
    printf4.o(i.__0snprintf$4) refers to printf4.o(i._snputc) for _snputc
    printf4.o(i.__0sprintf$4) refers to printf4.o(i._printf_core) for _printf_core
    printf4.o(i.__0sprintf$4) refers to printf4.o(i._sputc) for _sputc
    printf4.o(i.__0vfprintf$4) refers to printf4.o(i._printf_core) for _printf_core
    printf4.o(i.__0vfprintf$4) refers to uart.o(i.fputc) for fputc
    printf4.o(i.__0vprintf$4) refers to printf4.o(i._printf_core) for _printf_core
    printf4.o(i.__0vprintf$4) refers to uart.o(i.fputc) for fputc
    printf4.o(i.__0vprintf$4) refers to stdout.o(.data) for __stdout
    printf4.o(i.__0vsnprintf$4) refers to printf4.o(i._printf_core) for _printf_core
    printf4.o(i.__0vsnprintf$4) refers to printf4.o(i._snputc) for _snputc
    printf4.o(i.__0vsprintf$4) refers to printf4.o(i._printf_core) for _printf_core
    printf4.o(i.__0vsprintf$4) refers to printf4.o(i._sputc) for _sputc
    printf4.o(i._printf_core) refers to uldiv.o(.text) for __aeabi_uldivmod
    printf5.o(i.__0fprintf$5) refers to printf5.o(i._printf_core) for _printf_core
    printf5.o(i.__0fprintf$5) refers to uart.o(i.fputc) for fputc
    printf5.o(i.__0printf$5) refers to printf5.o(i._printf_core) for _printf_core
    printf5.o(i.__0printf$5) refers to uart.o(i.fputc) for fputc
    printf5.o(i.__0printf$5) refers to stdout.o(.data) for __stdout
    printf5.o(i.__0snprintf$5) refers to printf5.o(i._printf_core) for _printf_core
    printf5.o(i.__0snprintf$5) refers to printf5.o(i._snputc) for _snputc
    printf5.o(i.__0sprintf$5) refers to printf5.o(i._printf_core) for _printf_core
    printf5.o(i.__0sprintf$5) refers to printf5.o(i._sputc) for _sputc
    printf5.o(i.__0vfprintf$5) refers to printf5.o(i._printf_core) for _printf_core
    printf5.o(i.__0vfprintf$5) refers to uart.o(i.fputc) for fputc
    printf5.o(i.__0vprintf$5) refers to printf5.o(i._printf_core) for _printf_core
    printf5.o(i.__0vprintf$5) refers to uart.o(i.fputc) for fputc
    printf5.o(i.__0vprintf$5) refers to stdout.o(.data) for __stdout
    printf5.o(i.__0vsnprintf$5) refers to printf5.o(i._printf_core) for _printf_core
    printf5.o(i.__0vsnprintf$5) refers to printf5.o(i._snputc) for _snputc
    printf5.o(i.__0vsprintf$5) refers to printf5.o(i._printf_core) for _printf_core
    printf5.o(i.__0vsprintf$5) refers to printf5.o(i._sputc) for _sputc
    printf5.o(i._printf_core) refers to uldiv.o(.text) for __aeabi_uldivmod
    printf6.o(i.__0fprintf$6) refers to printf6.o(i._printf_core) for _printf_core
    printf6.o(i.__0fprintf$6) refers to uart.o(i.fputc) for fputc
    printf6.o(i.__0printf$6) refers to printf6.o(i._printf_core) for _printf_core
    printf6.o(i.__0printf$6) refers to uart.o(i.fputc) for fputc
    printf6.o(i.__0printf$6) refers to stdout.o(.data) for __stdout
    printf6.o(i.__0snprintf$6) refers to printf6.o(i._printf_core) for _printf_core
    printf6.o(i.__0snprintf$6) refers to printf6.o(i._snputc) for _snputc
    printf6.o(i.__0sprintf$6) refers to printf6.o(i._printf_core) for _printf_core
    printf6.o(i.__0sprintf$6) refers to printf6.o(i._sputc) for _sputc
    printf6.o(i.__0vfprintf$6) refers to printf6.o(i._printf_core) for _printf_core
    printf6.o(i.__0vfprintf$6) refers to uart.o(i.fputc) for fputc
    printf6.o(i.__0vprintf$6) refers to printf6.o(i._printf_core) for _printf_core
    printf6.o(i.__0vprintf$6) refers to uart.o(i.fputc) for fputc
    printf6.o(i.__0vprintf$6) refers to stdout.o(.data) for __stdout
    printf6.o(i.__0vsnprintf$6) refers to printf6.o(i._printf_core) for _printf_core
    printf6.o(i.__0vsnprintf$6) refers to printf6.o(i._snputc) for _snputc
    printf6.o(i.__0vsprintf$6) refers to printf6.o(i._printf_core) for _printf_core
    printf6.o(i.__0vsprintf$6) refers to printf6.o(i._sputc) for _sputc
    printf6.o(i._printf_core) refers to printf6.o(i._printf_pre_padding) for _printf_pre_padding
    printf6.o(i._printf_core) refers to uidiv.o(.text) for __aeabi_uidivmod
    printf6.o(i._printf_core) refers to printf6.o(i._printf_post_padding) for _printf_post_padding
    printf7.o(i.__0fprintf$7) refers to printf7.o(i._printf_core) for _printf_core
    printf7.o(i.__0fprintf$7) refers to uart.o(i.fputc) for fputc
    printf7.o(i.__0printf$7) refers to printf7.o(i._printf_core) for _printf_core
    printf7.o(i.__0printf$7) refers to uart.o(i.fputc) for fputc
    printf7.o(i.__0printf$7) refers to stdout.o(.data) for __stdout
    printf7.o(i.__0snprintf$7) refers to printf7.o(i._printf_core) for _printf_core
    printf7.o(i.__0snprintf$7) refers to printf7.o(i._snputc) for _snputc
    printf7.o(i.__0sprintf$7) refers to printf7.o(i._printf_core) for _printf_core
    printf7.o(i.__0sprintf$7) refers to printf7.o(i._sputc) for _sputc
    printf7.o(i.__0vfprintf$7) refers to printf7.o(i._printf_core) for _printf_core
    printf7.o(i.__0vfprintf$7) refers to uart.o(i.fputc) for fputc
    printf7.o(i.__0vprintf$7) refers to printf7.o(i._printf_core) for _printf_core
    printf7.o(i.__0vprintf$7) refers to uart.o(i.fputc) for fputc
    printf7.o(i.__0vprintf$7) refers to stdout.o(.data) for __stdout
    printf7.o(i.__0vsnprintf$7) refers to printf7.o(i._printf_core) for _printf_core
    printf7.o(i.__0vsnprintf$7) refers to printf7.o(i._snputc) for _snputc
    printf7.o(i.__0vsprintf$7) refers to printf7.o(i._printf_core) for _printf_core
    printf7.o(i.__0vsprintf$7) refers to printf7.o(i._sputc) for _sputc
    printf7.o(i._printf_core) refers to printf7.o(i._printf_pre_padding) for _printf_pre_padding
    printf7.o(i._printf_core) refers to uldiv.o(.text) for __aeabi_uldivmod
    printf7.o(i._printf_core) refers to printf7.o(i._printf_post_padding) for _printf_post_padding
    printf8.o(i.__0fprintf$8) refers to printf8.o(i._printf_core) for _printf_core
    printf8.o(i.__0fprintf$8) refers to uart.o(i.fputc) for fputc
    printf8.o(i.__0printf$8) refers to printf8.o(i._printf_core) for _printf_core
    printf8.o(i.__0printf$8) refers to uart.o(i.fputc) for fputc
    printf8.o(i.__0printf$8) refers to stdout.o(.data) for __stdout
    printf8.o(i.__0snprintf$8) refers to printf8.o(i._printf_core) for _printf_core
    printf8.o(i.__0snprintf$8) refers to printf8.o(i._snputc) for _snputc
    printf8.o(i.__0sprintf$8) refers to printf8.o(i._printf_core) for _printf_core
    printf8.o(i.__0sprintf$8) refers to printf8.o(i._sputc) for _sputc
    printf8.o(i.__0vfprintf$8) refers to printf8.o(i._printf_core) for _printf_core
    printf8.o(i.__0vfprintf$8) refers to uart.o(i.fputc) for fputc
    printf8.o(i.__0vprintf$8) refers to printf8.o(i._printf_core) for _printf_core
    printf8.o(i.__0vprintf$8) refers to uart.o(i.fputc) for fputc
    printf8.o(i.__0vprintf$8) refers to stdout.o(.data) for __stdout
    printf8.o(i.__0vsnprintf$8) refers to printf8.o(i._printf_core) for _printf_core
    printf8.o(i.__0vsnprintf$8) refers to printf8.o(i._snputc) for _snputc
    printf8.o(i.__0vsprintf$8) refers to printf8.o(i._printf_core) for _printf_core
    printf8.o(i.__0vsprintf$8) refers to printf8.o(i._sputc) for _sputc
    printf8.o(i._printf_core) refers to printf8.o(i._printf_pre_padding) for _printf_pre_padding
    printf8.o(i._printf_core) refers to uldiv.o(.text) for __aeabi_uldivmod
    printf8.o(i._printf_core) refers to printf8.o(i._printf_post_padding) for _printf_post_padding
    printfa.o(i.__0fprintf) refers (Special) to iusefp.o(.text) for __I$use$fp
    printfa.o(i.__0fprintf) refers to printfa.o(i._printf_core) for _printf_core
    printfa.o(i.__0fprintf) refers to uart.o(i.fputc) for fputc
    printfa.o(i.__0printf) refers (Special) to iusefp.o(.text) for __I$use$fp
    printfa.o(i.__0printf) refers to printfa.o(i._printf_core) for _printf_core
    printfa.o(i.__0printf) refers to uart.o(i.fputc) for fputc
    printfa.o(i.__0printf) refers to stdout.o(.data) for __stdout
    printfa.o(i.__0snprintf) refers (Special) to iusefp.o(.text) for __I$use$fp
    printfa.o(i.__0snprintf) refers to printfa.o(i._printf_core) for _printf_core
    printfa.o(i.__0snprintf) refers to printfa.o(i._snputc) for _snputc
    printfa.o(i.__0sprintf) refers (Special) to iusefp.o(.text) for __I$use$fp
    printfa.o(i.__0sprintf) refers to printfa.o(i._printf_core) for _printf_core
    printfa.o(i.__0sprintf) refers to printfa.o(i._sputc) for _sputc
    printfa.o(i.__0vfprintf) refers (Special) to iusefp.o(.text) for __I$use$fp
    printfa.o(i.__0vfprintf) refers to printfa.o(i._printf_core) for _printf_core
    printfa.o(i.__0vfprintf) refers to uart.o(i.fputc) for fputc
    printfa.o(i.__0vprintf) refers (Special) to iusefp.o(.text) for __I$use$fp
    printfa.o(i.__0vprintf) refers to printfa.o(i._printf_core) for _printf_core
    printfa.o(i.__0vprintf) refers to uart.o(i.fputc) for fputc
    printfa.o(i.__0vprintf) refers to stdout.o(.data) for __stdout
    printfa.o(i.__0vsnprintf) refers (Special) to iusefp.o(.text) for __I$use$fp
    printfa.o(i.__0vsnprintf) refers to printfa.o(i._printf_core) for _printf_core
    printfa.o(i.__0vsnprintf) refers to printfa.o(i._snputc) for _snputc
    printfa.o(i.__0vsprintf) refers (Special) to iusefp.o(.text) for __I$use$fp
    printfa.o(i.__0vsprintf) refers to printfa.o(i._printf_core) for _printf_core
    printfa.o(i.__0vsprintf) refers to printfa.o(i._sputc) for _sputc
    printfa.o(i._fp_digits) refers (Special) to iusefp.o(.text) for __I$use$fp
    printfa.o(i._fp_digits) refers to dmul.o(.text) for __aeabi_dmul
    printfa.o(i._fp_digits) refers to ddiv.o(.text) for __aeabi_ddiv
    printfa.o(i._fp_digits) refers to cdrcmple.o(.text) for __aeabi_cdrcmple
    printfa.o(i._fp_digits) refers to dadd.o(.text) for __aeabi_dadd
    printfa.o(i._fp_digits) refers to dfixul.o(.text) for __aeabi_d2ulz
    printfa.o(i._fp_digits) refers to uldiv.o(.text) for __aeabi_uldivmod
    printfa.o(i._printf_core) refers (Special) to iusefp.o(.text) for __I$use$fp
    printfa.o(i._printf_core) refers to printfa.o(i._printf_pre_padding) for _printf_pre_padding
    printfa.o(i._printf_core) refers to uldiv.o(.text) for __aeabi_uldivmod
    printfa.o(i._printf_core) refers to printfa.o(i._printf_post_padding) for _printf_post_padding
    printfa.o(i._printf_core) refers to printfa.o(i._fp_digits) for _fp_digits
    printfa.o(i._printf_core) refers to uidiv.o(.text) for __aeabi_uidivmod
    printfa.o(i._printf_post_padding) refers (Special) to iusefp.o(.text) for __I$use$fp
    printfa.o(i._printf_pre_padding) refers (Special) to iusefp.o(.text) for __I$use$fp
    printfa.o(i._snputc) refers (Special) to iusefp.o(.text) for __I$use$fp
    printfa.o(i._sputc) refers (Special) to iusefp.o(.text) for __I$use$fp
    entry2.o(.ARM.Collect$$$$00000001) refers to entry2.o(.ARM.Collect$$$$00002712) for __lit__00000000
    entry2.o(.ARM.Collect$$$$00002712) refers to startup_stm32f427xx.o(STACK) for __initial_sp
    entry2.o(__vectab_stack_and_reset_area) refers to startup_stm32f427xx.o(STACK) for __initial_sp
    entry2.o(__vectab_stack_and_reset_area) refers to entry.o(.ARM.Collect$$$$00000000) for __main
    entry5.o(.ARM.Collect$$$$00000004) refers to init.o(.text) for __scatterload
    entry9a.o(.ARM.Collect$$$$0000000B) refers to main.o(i.main) for main
    entry9b.o(.ARM.Collect$$$$0000000C) refers to main.o(i.main) for main
    uldiv.o(.text) refers to llushr.o(.text) for __aeabi_llsr
    uldiv.o(.text) refers to llshl.o(.text) for __aeabi_llsl
    dadd.o(.text) refers to llshl.o(.text) for __aeabi_llsl
    dadd.o(.text) refers to llsshr.o(.text) for __aeabi_lasr
    dadd.o(.text) refers to depilogue.o(.text) for _double_epilogue
    dmul.o(.text) refers to depilogue.o(.text) for _double_epilogue
    ddiv.o(.text) refers to depilogue.o(.text) for _double_round
    dfixul.o(.text) refers to llushr.o(.text) for __aeabi_llsr
    dfixul.o(.text) refers to llshl.o(.text) for __aeabi_llsl
    init.o(.text) refers to entry5.o(.ARM.Collect$$$$00000004) for __main_after_scatterload
    depilogue.o(.text) refers to llshl.o(.text) for __aeabi_llsl
    depilogue.o(.text) refers to llushr.o(.text) for __aeabi_llsr


==============================================================================

Removing Unused input sections from the image.

    Removing main.o(.rev16_text), (4 bytes).
    Removing main.o(.revsh_text), (4 bytes).
    Removing led.o(.rev16_text), (4 bytes).
    Removing led.o(.revsh_text), (4 bytes).
    Removing led.o(i.LED_Off), (32 bytes).
    Removing led.o(i.LED_On), (32 bytes).
    Removing led.o(i.VDD_3V3_SENSORS_EN_DISABLE), (56 bytes).
    Removing led.o(i.VDD_5V_HIPOWER_OC_DISABLE), (60 bytes).
    Removing led.o(i.VDD_5V_PERIPH_EN_DISABLE), (56 bytes).
    Removing led.o(i.VDD_5V_PERIPH_OC_DISABLE), (60 bytes).
    Removing stm32f4xx_it.o(.rev16_text), (4 bytes).
    Removing stm32f4xx_it.o(.revsh_text), (4 bytes).
    Removing uart.o(.rev16_text), (4 bytes).
    Removing uart.o(.revsh_text), (4 bytes).
    Removing timer.o(.rev16_text), (4 bytes).
    Removing timer.o(.revsh_text), (4 bytes).
    Removing timer.o(.data), (1 bytes).
    Removing spi.o(.rev16_text), (4 bytes).
    Removing spi.o(.revsh_text), (4 bytes).
    Removing spi.o(i.SPI1_SENSORS_CTRL_Init), (124 bytes).
    Removing mpu6000.o(.rev16_text), (4 bytes).
    Removing mpu6000.o(.revsh_text), (4 bytes).
    Removing stm32f4xx_hal_gpio.o(.rev16_text), (4 bytes).
    Removing stm32f4xx_hal_gpio.o(.revsh_text), (4 bytes).
    Removing stm32f4xx_hal_gpio.o(i.HAL_GPIO_DeInit), (208 bytes).
    Removing stm32f4xx_hal_gpio.o(i.HAL_GPIO_EXTI_Callback), (2 bytes).
    Removing stm32f4xx_hal_gpio.o(i.HAL_GPIO_EXTI_IRQHandler), (28 bytes).
    Removing stm32f4xx_hal_gpio.o(i.HAL_GPIO_LockPin), (120 bytes).
    Removing stm32f4xx_hal.o(.rev16_text), (4 bytes).
    Removing stm32f4xx_hal.o(.revsh_text), (4 bytes).
    Removing stm32f4xx_hal.o(i.HAL_DeInit), (68 bytes).
    Removing stm32f4xx_hal.o(i.HAL_DisableCompensationCell), (12 bytes).
    Removing stm32f4xx_hal.o(i.HAL_DisableDBGSleepMode), (20 bytes).
    Removing stm32f4xx_hal.o(i.HAL_DisableDBGStandbyMode), (20 bytes).
    Removing stm32f4xx_hal.o(i.HAL_DisableDBGStopMode), (20 bytes).
    Removing stm32f4xx_hal.o(i.HAL_DisableMemorySwappingBank), (12 bytes).
    Removing stm32f4xx_hal.o(i.HAL_EnableCompensationCell), (12 bytes).
    Removing stm32f4xx_hal.o(i.HAL_EnableDBGSleepMode), (20 bytes).
    Removing stm32f4xx_hal.o(i.HAL_EnableDBGStandbyMode), (20 bytes).
    Removing stm32f4xx_hal.o(i.HAL_EnableDBGStopMode), (20 bytes).
    Removing stm32f4xx_hal.o(i.HAL_EnableMemorySwappingBank), (12 bytes).
    Removing stm32f4xx_hal.o(i.HAL_GetDEVID), (16 bytes).
    Removing stm32f4xx_hal.o(i.HAL_GetHalVersion), (8 bytes).
    Removing stm32f4xx_hal.o(i.HAL_GetREVID), (12 bytes).
    Removing stm32f4xx_hal.o(i.HAL_MspDeInit), (2 bytes).
    Removing stm32f4xx_hal.o(i.HAL_ResumeTick), (18 bytes).
    Removing stm32f4xx_hal.o(i.HAL_SuspendTick), (18 bytes).
    Removing stm32f4xx_hal_cortex.o(.rev16_text), (4 bytes).
    Removing stm32f4xx_hal_cortex.o(.revsh_text), (4 bytes).
    Removing stm32f4xx_hal_cortex.o(i.HAL_NVIC_ClearPendingIRQ), (28 bytes).
    Removing stm32f4xx_hal_cortex.o(i.HAL_NVIC_DisableIRQ), (28 bytes).
    Removing stm32f4xx_hal_cortex.o(i.HAL_NVIC_GetActive), (40 bytes).
    Removing stm32f4xx_hal_cortex.o(i.HAL_NVIC_GetPendingIRQ), (40 bytes).
    Removing stm32f4xx_hal_cortex.o(i.HAL_NVIC_GetPriority), (240 bytes).
    Removing stm32f4xx_hal_cortex.o(i.HAL_NVIC_GetPriorityGrouping), (8 bytes).
    Removing stm32f4xx_hal_cortex.o(i.HAL_NVIC_SetPendingIRQ), (28 bytes).
    Removing stm32f4xx_hal_cortex.o(i.HAL_NVIC_SystemReset), (44 bytes).
    Removing stm32f4xx_hal_cortex.o(i.HAL_SYSTICK_CLKSourceConfig), (120 bytes).
    Removing stm32f4xx_hal_cortex.o(i.HAL_SYSTICK_Callback), (2 bytes).
    Removing stm32f4xx_hal_cortex.o(i.HAL_SYSTICK_IRQHandler), (8 bytes).
    Removing stm32f4xx_hal_rcc.o(.rev16_text), (4 bytes).
    Removing stm32f4xx_hal_rcc.o(.revsh_text), (4 bytes).
    Removing stm32f4xx_hal_rcc.o(i.HAL_RCC_CCSCallback), (2 bytes).
    Removing stm32f4xx_hal_rcc.o(i.HAL_RCC_DeInit), (112 bytes).
    Removing stm32f4xx_hal_rcc.o(i.HAL_RCC_DisableCSS), (12 bytes).
    Removing stm32f4xx_hal_rcc.o(i.HAL_RCC_EnableCSS), (12 bytes).
    Removing stm32f4xx_hal_rcc.o(i.HAL_RCC_GetClockConfig), (68 bytes).
    Removing stm32f4xx_hal_rcc.o(i.HAL_RCC_GetOscConfig), (292 bytes).
    Removing stm32f4xx_hal_rcc.o(i.HAL_RCC_MCOConfig), (328 bytes).
    Removing stm32f4xx_hal_rcc.o(i.HAL_RCC_NMI_IRQHandler), (32 bytes).
    Removing stm32f4xx_hal_uart.o(.rev16_text), (4 bytes).
    Removing stm32f4xx_hal_uart.o(.revsh_text), (4 bytes).
    Removing stm32f4xx_hal_uart.o(i.HAL_HalfDuplex_EnableReceiver), (68 bytes).
    Removing stm32f4xx_hal_uart.o(i.HAL_HalfDuplex_EnableTransmitter), (68 bytes).
    Removing stm32f4xx_hal_uart.o(i.HAL_HalfDuplex_Init), (110 bytes).
    Removing stm32f4xx_hal_uart.o(i.HAL_LIN_Init), (208 bytes).
    Removing stm32f4xx_hal_uart.o(i.HAL_LIN_SendBreak), (228 bytes).
    Removing stm32f4xx_hal_uart.o(i.HAL_MultiProcessor_EnterMuteMode), (228 bytes).
    Removing stm32f4xx_hal_uart.o(i.HAL_MultiProcessor_ExitMuteMode), (228 bytes).
    Removing stm32f4xx_hal_uart.o(i.HAL_MultiProcessor_Init), (240 bytes).
    Removing stm32f4xx_hal_uart.o(i.HAL_UART_DMAPause), (114 bytes).
    Removing stm32f4xx_hal_uart.o(i.HAL_UART_DMAResume), (138 bytes).
    Removing stm32f4xx_hal_uart.o(i.HAL_UART_DMAStop), (58 bytes).
    Removing stm32f4xx_hal_uart.o(i.HAL_UART_DeInit), (208 bytes).
    Removing stm32f4xx_hal_uart.o(i.HAL_UART_ErrorCallback), (2 bytes).
    Removing stm32f4xx_hal_uart.o(i.HAL_UART_GetError), (8 bytes).
    Removing stm32f4xx_hal_uart.o(i.HAL_UART_GetState), (8 bytes).
    Removing stm32f4xx_hal_uart.o(i.HAL_UART_IRQHandler), (256 bytes).
    Removing stm32f4xx_hal_uart.o(i.HAL_UART_MspDeInit), (2 bytes).
    Removing stm32f4xx_hal_uart.o(i.HAL_UART_Receive), (250 bytes).
    Removing stm32f4xx_hal_uart.o(i.HAL_UART_Receive_DMA), (160 bytes).
    Removing stm32f4xx_hal_uart.o(i.HAL_UART_Receive_IT), (136 bytes).
    Removing stm32f4xx_hal_uart.o(i.HAL_UART_RxCpltCallback), (2 bytes).
    Removing stm32f4xx_hal_uart.o(i.HAL_UART_RxHalfCpltCallback), (2 bytes).
    Removing stm32f4xx_hal_uart.o(i.HAL_UART_Transmit_DMA), (164 bytes).
    Removing stm32f4xx_hal_uart.o(i.HAL_UART_Transmit_IT), (136 bytes).
    Removing stm32f4xx_hal_uart.o(i.HAL_UART_TxCpltCallback), (2 bytes).
    Removing stm32f4xx_hal_uart.o(i.HAL_UART_TxHalfCpltCallback), (2 bytes).
    Removing stm32f4xx_hal_uart.o(i.UART_DMAError), (36 bytes).
    Removing stm32f4xx_hal_uart.o(i.UART_DMAReceiveCplt), (62 bytes).
    Removing stm32f4xx_hal_uart.o(i.UART_DMARxHalfCplt), (14 bytes).
    Removing stm32f4xx_hal_uart.o(i.UART_DMATransmitCplt), (100 bytes).
    Removing stm32f4xx_hal_uart.o(i.UART_DMATxHalfCplt), (14 bytes).
    Removing stm32f4xx_hal_uart.o(i.UART_Receive_IT), (188 bytes).
    Removing stm32f4xx_hal_uart.o(i.UART_Transmit_IT), (176 bytes).
    Removing stm32f4xx_hal_dma.o(.rev16_text), (4 bytes).
    Removing stm32f4xx_hal_dma.o(.revsh_text), (4 bytes).
    Removing stm32f4xx_hal_dma.o(i.DMA_SetConfig), (32 bytes).
    Removing stm32f4xx_hal_dma.o(i.HAL_DMA_Abort), (94 bytes).
    Removing stm32f4xx_hal_dma.o(i.HAL_DMA_DeInit), (3940 bytes).
    Removing stm32f4xx_hal_dma.o(i.HAL_DMA_GetError), (6 bytes).
    Removing stm32f4xx_hal_dma.o(i.HAL_DMA_GetState), (8 bytes).
    Removing stm32f4xx_hal_dma.o(i.HAL_DMA_IRQHandler), (9784 bytes).
    Removing stm32f4xx_hal_dma.o(i.HAL_DMA_Init), (752 bytes).
    Removing stm32f4xx_hal_dma.o(i.HAL_DMA_PollForTransfer), (10076 bytes).
    Removing stm32f4xx_hal_dma.o(i.HAL_DMA_Start), (160 bytes).
    Removing stm32f4xx_hal_dma.o(i.HAL_DMA_Start_IT), (220 bytes).
    Removing stm32f4xx_hal_usart.o(.rev16_text), (4 bytes).
    Removing stm32f4xx_hal_usart.o(.revsh_text), (4 bytes).
    Removing stm32f4xx_hal_tim_ex.o(.rev16_text), (4 bytes).
    Removing stm32f4xx_hal_tim_ex.o(.revsh_text), (4 bytes).
    Removing stm32f4xx_hal_tim_ex.o(i.HAL_TIMEx_BreakCallback), (2 bytes).
    Removing stm32f4xx_hal_tim_ex.o(i.HAL_TIMEx_CommutationCallback), (2 bytes).
    Removing stm32f4xx_hal_tim_ex.o(i.HAL_TIMEx_ConfigBreakDeadTime), (380 bytes).
    Removing stm32f4xx_hal_tim_ex.o(i.HAL_TIMEx_ConfigCommutationEvent), (240 bytes).
    Removing stm32f4xx_hal_tim_ex.o(i.HAL_TIMEx_ConfigCommutationEvent_DMA), (272 bytes).
    Removing stm32f4xx_hal_tim_ex.o(i.HAL_TIMEx_ConfigCommutationEvent_IT), (252 bytes).
    Removing stm32f4xx_hal_tim_ex.o(i.HAL_TIMEx_DMACommutationCplt), (20 bytes).
    Removing stm32f4xx_hal_tim_ex.o(i.HAL_TIMEx_HallSensor_DeInit), (300 bytes).
    Removing stm32f4xx_hal_tim_ex.o(i.HAL_TIMEx_HallSensor_GetState), (8 bytes).
    Removing stm32f4xx_hal_tim_ex.o(i.HAL_TIMEx_HallSensor_Init), (472 bytes).
    Removing stm32f4xx_hal_tim_ex.o(i.HAL_TIMEx_HallSensor_MspDeInit), (2 bytes).
    Removing stm32f4xx_hal_tim_ex.o(i.HAL_TIMEx_HallSensor_MspInit), (2 bytes).
    Removing stm32f4xx_hal_tim_ex.o(i.HAL_TIMEx_HallSensor_Start), (168 bytes).
    Removing stm32f4xx_hal_tim_ex.o(i.HAL_TIMEx_HallSensor_Start_DMA), (252 bytes).
    Removing stm32f4xx_hal_tim_ex.o(i.HAL_TIMEx_HallSensor_Start_IT), (180 bytes).
    Removing stm32f4xx_hal_tim_ex.o(i.HAL_TIMEx_HallSensor_Stop), (192 bytes).
    Removing stm32f4xx_hal_tim_ex.o(i.HAL_TIMEx_HallSensor_Stop_DMA), (204 bytes).
    Removing stm32f4xx_hal_tim_ex.o(i.HAL_TIMEx_HallSensor_Stop_IT), (204 bytes).
    Removing stm32f4xx_hal_tim_ex.o(i.HAL_TIMEx_MasterConfigSynchronization), (368 bytes).
    Removing stm32f4xx_hal_tim_ex.o(i.HAL_TIMEx_OCN_Start), (156 bytes).
    Removing stm32f4xx_hal_tim_ex.o(i.HAL_TIMEx_OCN_Start_DMA), (392 bytes).
    Removing stm32f4xx_hal_tim_ex.o(i.HAL_TIMEx_OCN_Start_IT), (232 bytes).
    Removing stm32f4xx_hal_tim_ex.o(i.HAL_TIMEx_OCN_Stop), (208 bytes).
    Removing stm32f4xx_hal_tim_ex.o(i.HAL_TIMEx_OCN_Stop_DMA), (292 bytes).
    Removing stm32f4xx_hal_tim_ex.o(i.HAL_TIMEx_OCN_Stop_IT), (284 bytes).
    Removing stm32f4xx_hal_tim_ex.o(i.HAL_TIMEx_OnePulseN_Start), (144 bytes).
    Removing stm32f4xx_hal_tim_ex.o(i.HAL_TIMEx_OnePulseN_Start_IT), (168 bytes).
    Removing stm32f4xx_hal_tim_ex.o(i.HAL_TIMEx_OnePulseN_Stop), (208 bytes).
    Removing stm32f4xx_hal_tim_ex.o(i.HAL_TIMEx_OnePulseN_Stop_IT), (232 bytes).
    Removing stm32f4xx_hal_tim_ex.o(i.HAL_TIMEx_PWMN_Start), (156 bytes).
    Removing stm32f4xx_hal_tim_ex.o(i.HAL_TIMEx_PWMN_Start_DMA), (392 bytes).
    Removing stm32f4xx_hal_tim_ex.o(i.HAL_TIMEx_PWMN_Start_IT), (244 bytes).
    Removing stm32f4xx_hal_tim_ex.o(i.HAL_TIMEx_PWMN_Stop), (208 bytes).
    Removing stm32f4xx_hal_tim_ex.o(i.HAL_TIMEx_PWMN_Stop_DMA), (292 bytes).
    Removing stm32f4xx_hal_tim_ex.o(i.HAL_TIMEx_PWMN_Stop_IT), (296 bytes).
    Removing stm32f4xx_hal_tim_ex.o(i.HAL_TIMEx_RemapConfig), (204 bytes).
    Removing stm32f4xx_hal_tim_ex.o(i.TIM_CCxNChannelCmd), (184 bytes).
    Removing stm32f4xx_hal_tim.o(.rev16_text), (4 bytes).
    Removing stm32f4xx_hal_tim.o(.revsh_text), (4 bytes).
    Removing stm32f4xx_hal_tim.o(i.HAL_TIM_Base_DeInit), (300 bytes).
    Removing stm32f4xx_hal_tim.o(i.HAL_TIM_Base_GetState), (8 bytes).
    Removing stm32f4xx_hal_tim.o(i.HAL_TIM_Base_MspDeInit), (2 bytes).
    Removing stm32f4xx_hal_tim.o(i.HAL_TIM_Base_Start), (264 bytes).
    Removing stm32f4xx_hal_tim.o(i.HAL_TIM_Base_Start_DMA), (264 bytes).
    Removing stm32f4xx_hal_tim.o(i.HAL_TIM_Base_Stop), (292 bytes).
    Removing stm32f4xx_hal_tim.o(i.HAL_TIM_Base_Stop_DMA), (224 bytes).
    Removing stm32f4xx_hal_tim.o(i.HAL_TIM_Base_Stop_IT), (292 bytes).
    Removing stm32f4xx_hal_tim.o(i.HAL_TIM_ConfigClockSource), (1476 bytes).
    Removing stm32f4xx_hal_tim.o(i.HAL_TIM_ConfigOCrefClear), (768 bytes).
    Removing stm32f4xx_hal_tim.o(i.HAL_TIM_ConfigTI1Input), (180 bytes).
    Removing stm32f4xx_hal_tim.o(i.HAL_TIM_DMABurst_ReadStart), (752 bytes).
    Removing stm32f4xx_hal_tim.o(i.HAL_TIM_DMABurst_ReadStop), (96 bytes).
    Removing stm32f4xx_hal_tim.o(i.HAL_TIM_DMABurst_WriteStart), (752 bytes).
    Removing stm32f4xx_hal_tim.o(i.HAL_TIM_DMABurst_WriteStop), (96 bytes).
    Removing stm32f4xx_hal_tim.o(i.HAL_TIM_DMACaptureCplt), (20 bytes).
    Removing stm32f4xx_hal_tim.o(i.HAL_TIM_DMADelayPulseCplt), (20 bytes).
    Removing stm32f4xx_hal_tim.o(i.HAL_TIM_DMAError), (20 bytes).
    Removing stm32f4xx_hal_tim.o(i.HAL_TIM_Encoder_DeInit), (304 bytes).
    Removing stm32f4xx_hal_tim.o(i.HAL_TIM_Encoder_GetState), (8 bytes).
    Removing stm32f4xx_hal_tim.o(i.HAL_TIM_Encoder_Init), (584 bytes).
    Removing stm32f4xx_hal_tim.o(i.HAL_TIM_Encoder_MspDeInit), (2 bytes).
    Removing stm32f4xx_hal_tim.o(i.HAL_TIM_Encoder_MspInit), (2 bytes).
    Removing stm32f4xx_hal_tim.o(i.HAL_TIM_Encoder_Start), (240 bytes).
    Removing stm32f4xx_hal_tim.o(i.HAL_TIM_Encoder_Start_DMA), (464 bytes).
    Removing stm32f4xx_hal_tim.o(i.HAL_TIM_Encoder_Start_IT), (288 bytes).
    Removing stm32f4xx_hal_tim.o(i.HAL_TIM_Encoder_Stop), (264 bytes).
    Removing stm32f4xx_hal_tim.o(i.HAL_TIM_Encoder_Stop_DMA), (288 bytes).
    Removing stm32f4xx_hal_tim.o(i.HAL_TIM_Encoder_Stop_IT), (312 bytes).
    Removing stm32f4xx_hal_tim.o(i.HAL_TIM_ErrorCallback), (2 bytes).
    Removing stm32f4xx_hal_tim.o(i.HAL_TIM_GenerateEvent), (312 bytes).
    Removing stm32f4xx_hal_tim.o(i.HAL_TIM_IC_CaptureCallback), (2 bytes).
    Removing stm32f4xx_hal_tim.o(i.HAL_TIM_IC_ConfigChannel), (740 bytes).
    Removing stm32f4xx_hal_tim.o(i.HAL_TIM_IC_DeInit), (304 bytes).
    Removing stm32f4xx_hal_tim.o(i.HAL_TIM_IC_GetState), (8 bytes).
    Removing stm32f4xx_hal_tim.o(i.HAL_TIM_IC_Init), (352 bytes).
    Removing stm32f4xx_hal_tim.o(i.HAL_TIM_IC_MspDeInit), (2 bytes).
    Removing stm32f4xx_hal_tim.o(i.HAL_TIM_IC_MspInit), (2 bytes).
    Removing stm32f4xx_hal_tim.o(i.HAL_TIM_IC_Start), (356 bytes).
    Removing stm32f4xx_hal_tim.o(i.HAL_TIM_IC_Start_DMA), (648 bytes).
    Removing stm32f4xx_hal_tim.o(i.HAL_TIM_IC_Start_IT), (432 bytes).
    Removing stm32f4xx_hal_tim.o(i.HAL_TIM_IC_Stop), (380 bytes).
    Removing stm32f4xx_hal_tim.o(i.HAL_TIM_IC_Stop_DMA), (524 bytes).
    Removing stm32f4xx_hal_tim.o(i.HAL_TIM_IC_Stop_IT), (456 bytes).
    Removing stm32f4xx_hal_tim.o(i.HAL_TIM_IRQHandler), (406 bytes).
    Removing stm32f4xx_hal_tim.o(i.HAL_TIM_OC_ConfigChannel), (716 bytes).
    Removing stm32f4xx_hal_tim.o(i.HAL_TIM_OC_DeInit), (304 bytes).
    Removing stm32f4xx_hal_tim.o(i.HAL_TIM_OC_DelayElapsedCallback), (2 bytes).
    Removing stm32f4xx_hal_tim.o(i.HAL_TIM_OC_GetState), (8 bytes).
    Removing stm32f4xx_hal_tim.o(i.HAL_TIM_OC_Init), (352 bytes).
    Removing stm32f4xx_hal_tim.o(i.HAL_TIM_OC_MspDeInit), (2 bytes).
    Removing stm32f4xx_hal_tim.o(i.HAL_TIM_OC_MspInit), (2 bytes).
    Removing stm32f4xx_hal_tim.o(i.HAL_TIM_OC_Start), (392 bytes).
    Removing stm32f4xx_hal_tim.o(i.HAL_TIM_OC_Start_DMA), (624 bytes).
    Removing stm32f4xx_hal_tim.o(i.HAL_TIM_OC_Start_IT), (468 bytes).
    Removing stm32f4xx_hal_tim.o(i.HAL_TIM_OC_Stop), (444 bytes).
    Removing stm32f4xx_hal_tim.o(i.HAL_TIM_OC_Stop_DMA), (524 bytes).
    Removing stm32f4xx_hal_tim.o(i.HAL_TIM_OC_Stop_IT), (520 bytes).
    Removing stm32f4xx_hal_tim.o(i.HAL_TIM_OnePulse_ConfigChannel), (792 bytes).
    Removing stm32f4xx_hal_tim.o(i.HAL_TIM_OnePulse_DeInit), (304 bytes).
    Removing stm32f4xx_hal_tim.o(i.HAL_TIM_OnePulse_GetState), (8 bytes).
    Removing stm32f4xx_hal_tim.o(i.HAL_TIM_OnePulse_Init), (392 bytes).
    Removing stm32f4xx_hal_tim.o(i.HAL_TIM_OnePulse_MspDeInit), (2 bytes).
    Removing stm32f4xx_hal_tim.o(i.HAL_TIM_OnePulse_MspInit), (2 bytes).
    Removing stm32f4xx_hal_tim.o(i.HAL_TIM_OnePulse_Start), (76 bytes).
    Removing stm32f4xx_hal_tim.o(i.HAL_TIM_OnePulse_Start_IT), (100 bytes).
    Removing stm32f4xx_hal_tim.o(i.HAL_TIM_OnePulse_Stop), (140 bytes).
    Removing stm32f4xx_hal_tim.o(i.HAL_TIM_OnePulse_Stop_IT), (164 bytes).
    Removing stm32f4xx_hal_tim.o(i.HAL_TIM_PWM_ConfigChannel), (820 bytes).
    Removing stm32f4xx_hal_tim.o(i.HAL_TIM_PWM_DeInit), (304 bytes).
    Removing stm32f4xx_hal_tim.o(i.HAL_TIM_PWM_GetState), (8 bytes).
    Removing stm32f4xx_hal_tim.o(i.HAL_TIM_PWM_Init), (352 bytes).
    Removing stm32f4xx_hal_tim.o(i.HAL_TIM_PWM_MspDeInit), (2 bytes).
    Removing stm32f4xx_hal_tim.o(i.HAL_TIM_PWM_MspInit), (2 bytes).
    Removing stm32f4xx_hal_tim.o(i.HAL_TIM_PWM_PulseFinishedCallback), (2 bytes).
    Removing stm32f4xx_hal_tim.o(i.HAL_TIM_PWM_Start), (392 bytes).
    Removing stm32f4xx_hal_tim.o(i.HAL_TIM_PWM_Start_DMA), (624 bytes).
    Removing stm32f4xx_hal_tim.o(i.HAL_TIM_PWM_Start_IT), (468 bytes).
    Removing stm32f4xx_hal_tim.o(i.HAL_TIM_PWM_Stop), (448 bytes).
    Removing stm32f4xx_hal_tim.o(i.HAL_TIM_PWM_Stop_DMA), (524 bytes).
    Removing stm32f4xx_hal_tim.o(i.HAL_TIM_PWM_Stop_IT), (520 bytes).
    Removing stm32f4xx_hal_tim.o(i.HAL_TIM_PeriodElapsedCallback), (2 bytes).
    Removing stm32f4xx_hal_tim.o(i.HAL_TIM_ReadCapturedValue), (496 bytes).
    Removing stm32f4xx_hal_tim.o(i.HAL_TIM_SlaveConfigSynchronization), (1424 bytes).
    Removing stm32f4xx_hal_tim.o(i.HAL_TIM_TriggerCallback), (2 bytes).
    Removing stm32f4xx_hal_tim.o(i.TIM_CCxChannelCmd), (252 bytes).
    Removing stm32f4xx_hal_tim.o(i.TIM_DMAPeriodElapsedCplt), (20 bytes).
    Removing stm32f4xx_hal_tim.o(i.TIM_DMATriggerCplt), (20 bytes).
    Removing stm32f4xx_hal_tim.o(i.TIM_ETR_SetConfig), (24 bytes).
    Removing stm32f4xx_hal_tim.o(i.TIM_ITRx_SetConfig), (20 bytes).
    Removing stm32f4xx_hal_tim.o(i.TIM_OC1_SetConfig), (112 bytes).
    Removing stm32f4xx_hal_tim.o(i.TIM_OC2_SetConfig), (264 bytes).
    Removing stm32f4xx_hal_tim.o(i.TIM_OC3_SetConfig), (264 bytes).
    Removing stm32f4xx_hal_tim.o(i.TIM_OC4_SetConfig), (188 bytes).
    Removing stm32f4xx_hal_tim.o(i.TIM_TI1_ConfigInputStage), (42 bytes).
    Removing stm32f4xx_hal_tim.o(i.TIM_TI1_SetConfig), (144 bytes).
    Removing stm32f4xx_hal_tim.o(i.TIM_TI2_ConfigInputStage), (44 bytes).
    Removing stm32f4xx_hal_tim.o(i.TIM_TI2_SetConfig), (52 bytes).
    Removing stm32f4xx_hal_tim.o(i.TIM_TI3_SetConfig), (50 bytes).
    Removing stm32f4xx_hal_tim.o(i.TIM_TI4_SetConfig), (52 bytes).
    Removing stm32f4xx_hal_spi.o(.rev16_text), (4 bytes).
    Removing stm32f4xx_hal_spi.o(.revsh_text), (4 bytes).
    Removing stm32f4xx_hal_spi.o(i.HAL_SPI_DMAPause), (62 bytes).
    Removing stm32f4xx_hal_spi.o(i.HAL_SPI_DMAResume), (62 bytes).
    Removing stm32f4xx_hal_spi.o(i.HAL_SPI_DMAStop), (58 bytes).
    Removing stm32f4xx_hal_spi.o(i.HAL_SPI_DeInit), (50 bytes).
    Removing stm32f4xx_hal_spi.o(i.HAL_SPI_ErrorCallback), (2 bytes).
    Removing stm32f4xx_hal_spi.o(i.HAL_SPI_GetError), (8 bytes).
    Removing stm32f4xx_hal_spi.o(i.HAL_SPI_GetState), (8 bytes).
    Removing stm32f4xx_hal_spi.o(i.HAL_SPI_IRQHandler), (254 bytes).
    Removing stm32f4xx_hal_spi.o(i.HAL_SPI_MspDeInit), (2 bytes).
    Removing stm32f4xx_hal_spi.o(i.HAL_SPI_Receive), (578 bytes).
    Removing stm32f4xx_hal_spi.o(i.HAL_SPI_Receive_DMA), (272 bytes).
    Removing stm32f4xx_hal_spi.o(i.HAL_SPI_Receive_IT), (228 bytes).
    Removing stm32f4xx_hal_spi.o(i.HAL_SPI_RxCpltCallback), (2 bytes).
    Removing stm32f4xx_hal_spi.o(i.HAL_SPI_RxHalfCpltCallback), (2 bytes).
    Removing stm32f4xx_hal_spi.o(i.HAL_SPI_Transmit), (536 bytes).
    Removing stm32f4xx_hal_spi.o(i.HAL_SPI_TransmitReceive_DMA), (400 bytes).
    Removing stm32f4xx_hal_spi.o(i.HAL_SPI_TransmitReceive_IT), (292 bytes).
    Removing stm32f4xx_hal_spi.o(i.HAL_SPI_Transmit_DMA), (312 bytes).
    Removing stm32f4xx_hal_spi.o(i.HAL_SPI_Transmit_IT), (288 bytes).
    Removing stm32f4xx_hal_spi.o(i.HAL_SPI_TxCpltCallback), (2 bytes).
    Removing stm32f4xx_hal_spi.o(i.HAL_SPI_TxHalfCpltCallback), (2 bytes).
    Removing stm32f4xx_hal_spi.o(i.HAL_SPI_TxRxCpltCallback), (2 bytes).
    Removing stm32f4xx_hal_spi.o(i.HAL_SPI_TxRxHalfCpltCallback), (2 bytes).
    Removing stm32f4xx_hal_spi.o(i.SPI_2LinesRxISR), (56 bytes).
    Removing stm32f4xx_hal_spi.o(i.SPI_DMAError), (36 bytes).
    Removing stm32f4xx_hal_spi.o(i.SPI_DMAHalfReceiveCplt), (14 bytes).
    Removing stm32f4xx_hal_spi.o(i.SPI_DMAHalfTransmitCplt), (14 bytes).
    Removing stm32f4xx_hal_spi.o(i.SPI_DMAHalfTransmitReceiveCplt), (14 bytes).
    Removing stm32f4xx_hal_spi.o(i.SPI_DMAReceiveCplt), (216 bytes).
    Removing stm32f4xx_hal_spi.o(i.SPI_DMATransmitCplt), (128 bytes).
    Removing stm32f4xx_hal_spi.o(i.SPI_DMATransmitReceiveCplt), (222 bytes).
    Removing stm32f4xx_hal_spi.o(i.SPI_RxCloseIRQHandler), (248 bytes).
    Removing stm32f4xx_hal_spi.o(i.SPI_RxISR), (82 bytes).
    Removing stm32f4xx_hal_spi.o(i.SPI_TxCloseIRQHandler), (162 bytes).
    Removing stm32f4xx_hal_spi.o(i.SPI_TxISR), (74 bytes).
    Removing startup_stm32f427xx.o(HEAP), (512 bytes).
    Removing system_stm32f4xx.o(.rev16_text), (4 bytes).
    Removing system_stm32f4xx.o(.revsh_text), (4 bytes).
    Removing system_stm32f4xx.o(i.SystemCoreClockUpdate), (192 bytes).
    Removing dadd.o(.text), (334 bytes).
    Removing dmul.o(.text), (228 bytes).
    Removing ddiv.o(.text), (222 bytes).
    Removing dfixul.o(.text), (48 bytes).
    Removing cdrcmple.o(.text), (48 bytes).
    Removing depilogue.o(.text), (186 bytes).

307 unused section(s) (total 73421 bytes) removed from the image.

==============================================================================

Image Symbol Table

    Local Symbols

    Symbol Name                              Value     Ov Type        Size  Object(Section)

    ../clib/microlib/division.c              0x00000000   Number         0  uldiv.o ABSOLUTE
    ../clib/microlib/division.c              0x00000000   Number         0  uidiv.o ABSOLUTE
    ../clib/microlib/init/entry.s            0x00000000   Number         0  entry8b.o ABSOLUTE
    ../clib/microlib/init/entry.s            0x00000000   Number         0  entry10a.o ABSOLUTE
    ../clib/microlib/init/entry.s            0x00000000   Number         0  entry9b.o ABSOLUTE
    ../clib/microlib/init/entry.s            0x00000000   Number         0  entry5.o ABSOLUTE
    ../clib/microlib/init/entry.s            0x00000000   Number         0  entry7a.o ABSOLUTE
    ../clib/microlib/init/entry.s            0x00000000   Number         0  entry7b.o ABSOLUTE
    ../clib/microlib/init/entry.s            0x00000000   Number         0  entry9a.o ABSOLUTE
    ../clib/microlib/init/entry.s            0x00000000   Number         0  entry8a.o ABSOLUTE
    ../clib/microlib/init/entry.s            0x00000000   Number         0  entry2.o ABSOLUTE
    ../clib/microlib/init/entry.s            0x00000000   Number         0  entry.o ABSOLUTE
    ../clib/microlib/init/entry.s            0x00000000   Number         0  entry11b.o ABSOLUTE
    ../clib/microlib/init/entry.s            0x00000000   Number         0  entry11a.o ABSOLUTE
    ../clib/microlib/init/entry.s            0x00000000   Number         0  entry10b.o ABSOLUTE
    ../clib/microlib/longlong.c              0x00000000   Number         0  llsshr.o ABSOLUTE
    ../clib/microlib/longlong.c              0x00000000   Number         0  llushr.o ABSOLUTE
    ../clib/microlib/longlong.c              0x00000000   Number         0  llshl.o ABSOLUTE
    ../clib/microlib/printf/printf.c         0x00000000   Number         0  printfa.o ABSOLUTE
    ../clib/microlib/printf/printf.c         0x00000000   Number         0  printfb.o ABSOLUTE
    ../clib/microlib/printf/printf.c         0x00000000   Number         0  printf0.o ABSOLUTE
    ../clib/microlib/printf/printf.c         0x00000000   Number         0  printf1.o ABSOLUTE
    ../clib/microlib/printf/printf.c         0x00000000   Number         0  printf2.o ABSOLUTE
    ../clib/microlib/printf/printf.c         0x00000000   Number         0  printf3.o ABSOLUTE
    ../clib/microlib/printf/printf.c         0x00000000   Number         0  printf4.o ABSOLUTE
    ../clib/microlib/printf/printf.c         0x00000000   Number         0  printf5.o ABSOLUTE
    ../clib/microlib/printf/printf.c         0x00000000   Number         0  printf6.o ABSOLUTE
    ../clib/microlib/printf/printf.c         0x00000000   Number         0  printf7.o ABSOLUTE
    ../clib/microlib/printf/printf.c         0x00000000   Number         0  printf8.o ABSOLUTE
    ../clib/microlib/printf/stubs.s          0x00000000   Number         0  stubs.o ABSOLUTE
    ../clib/microlib/stdio/streams.c         0x00000000   Number         0  stdout.o ABSOLUTE
    ../clib/microlib/stubs.s                 0x00000000   Number         0  iusefp.o ABSOLUTE
    ../fplib/microlib/fpadd.c                0x00000000   Number         0  dadd.o ABSOLUTE
    ../fplib/microlib/fpdiv.c                0x00000000   Number         0  ddiv.o ABSOLUTE
    ../fplib/microlib/fpepilogue.c           0x00000000   Number         0  depilogue.o ABSOLUTE
    ../fplib/microlib/fpfix.c                0x00000000   Number         0  dfixul.o ABSOLUTE
    ../fplib/microlib/fpmul.c                0x00000000   Number         0  dmul.o ABSOLUTE
    RTE\Device\STM32F427VITx\startup_stm32f427xx.s 0x00000000   Number         0  startup_stm32f427xx.o ABSOLUTE
    RTE\Device\STM32F427VITx\system_stm32f4xx.c 0x00000000   Number         0  system_stm32f4xx.o ABSOLUTE
    RTE\\Device\\STM32F427VITx\\system_stm32f4xx.c 0x00000000   Number         0  system_stm32f4xx.o ABSOLUTE
    SRC\\led\\led.c                          0x00000000   Number         0  led.o ABSOLUTE
    SRC\\lib\\STM32F4xx_HAL_Driver\\Src\\stm32f4xx_hal.c 0x00000000   Number         0  stm32f4xx_hal.o ABSOLUTE
    SRC\\lib\\STM32F4xx_HAL_Driver\\Src\\stm32f4xx_hal_cortex.c 0x00000000   Number         0  stm32f4xx_hal_cortex.o ABSOLUTE
    SRC\\lib\\STM32F4xx_HAL_Driver\\Src\\stm32f4xx_hal_dma.c 0x00000000   Number         0  stm32f4xx_hal_dma.o ABSOLUTE
    SRC\\lib\\STM32F4xx_HAL_Driver\\Src\\stm32f4xx_hal_gpio.c 0x00000000   Number         0  stm32f4xx_hal_gpio.o ABSOLUTE
    SRC\\lib\\STM32F4xx_HAL_Driver\\Src\\stm32f4xx_hal_rcc.c 0x00000000   Number         0  stm32f4xx_hal_rcc.o ABSOLUTE
    SRC\\lib\\STM32F4xx_HAL_Driver\\Src\\stm32f4xx_hal_spi.c 0x00000000   Number         0  stm32f4xx_hal_spi.o ABSOLUTE
    SRC\\lib\\STM32F4xx_HAL_Driver\\Src\\stm32f4xx_hal_tim.c 0x00000000   Number         0  stm32f4xx_hal_tim.o ABSOLUTE
    SRC\\lib\\STM32F4xx_HAL_Driver\\Src\\stm32f4xx_hal_tim_ex.c 0x00000000   Number         0  stm32f4xx_hal_tim_ex.o ABSOLUTE
    SRC\\lib\\STM32F4xx_HAL_Driver\\Src\\stm32f4xx_hal_uart.c 0x00000000   Number         0  stm32f4xx_hal_uart.o ABSOLUTE
    SRC\\lib\\STM32F4xx_HAL_Driver\\Src\\stm32f4xx_hal_usart.c 0x00000000   Number         0  stm32f4xx_hal_usart.o ABSOLUTE
    SRC\\main\\main.c                        0x00000000   Number         0  main.o ABSOLUTE
    SRC\\main\\stm32f4xx_it.c                0x00000000   Number         0  stm32f4xx_it.o ABSOLUTE
    SRC\\spi\\MPU6000.c                      0x00000000   Number         0  mpu6000.o ABSOLUTE
    SRC\\spi\\spi.c                          0x00000000   Number         0  spi.o ABSOLUTE
    SRC\\timer\\timer.c                      0x00000000   Number         0  timer.o ABSOLUTE
    SRC\\uart\\uart.c                        0x00000000   Number         0  uart.o ABSOLUTE
    SRC\led\led.c                            0x00000000   Number         0  led.o ABSOLUTE
    SRC\lib\STM32F4xx_HAL_Driver\Src\stm32f4xx_hal.c 0x00000000   Number         0  stm32f4xx_hal.o ABSOLUTE
    SRC\lib\STM32F4xx_HAL_Driver\Src\stm32f4xx_hal_cortex.c 0x00000000   Number         0  stm32f4xx_hal_cortex.o ABSOLUTE
    SRC\lib\STM32F4xx_HAL_Driver\Src\stm32f4xx_hal_dma.c 0x00000000   Number         0  stm32f4xx_hal_dma.o ABSOLUTE
    SRC\lib\STM32F4xx_HAL_Driver\Src\stm32f4xx_hal_gpio.c 0x00000000   Number         0  stm32f4xx_hal_gpio.o ABSOLUTE
    SRC\lib\STM32F4xx_HAL_Driver\Src\stm32f4xx_hal_rcc.c 0x00000000   Number         0  stm32f4xx_hal_rcc.o ABSOLUTE
    SRC\lib\STM32F4xx_HAL_Driver\Src\stm32f4xx_hal_spi.c 0x00000000   Number         0  stm32f4xx_hal_spi.o ABSOLUTE
    SRC\lib\STM32F4xx_HAL_Driver\Src\stm32f4xx_hal_tim.c 0x00000000   Number         0  stm32f4xx_hal_tim.o ABSOLUTE
    SRC\lib\STM32F4xx_HAL_Driver\Src\stm32f4xx_hal_tim_ex.c 0x00000000   Number         0  stm32f4xx_hal_tim_ex.o ABSOLUTE
    SRC\lib\STM32F4xx_HAL_Driver\Src\stm32f4xx_hal_uart.c 0x00000000   Number         0  stm32f4xx_hal_uart.o ABSOLUTE
    SRC\lib\STM32F4xx_HAL_Driver\Src\stm32f4xx_hal_usart.c 0x00000000   Number         0  stm32f4xx_hal_usart.o ABSOLUTE
    SRC\main\main.c                          0x00000000   Number         0  main.o ABSOLUTE
    SRC\main\stm32f4xx_it.c                  0x00000000   Number         0  stm32f4xx_it.o ABSOLUTE
    SRC\spi\MPU6000.c                        0x00000000   Number         0  mpu6000.o ABSOLUTE
    SRC\spi\spi.c                            0x00000000   Number         0  spi.o ABSOLUTE
    SRC\timer\timer.c                        0x00000000   Number         0  timer.o ABSOLUTE
    SRC\uart\uart.c                          0x00000000   Number         0  uart.o ABSOLUTE
    cdrcmple.s                               0x00000000   Number         0  cdrcmple.o ABSOLUTE
    dc.s                                     0x00000000   Number         0  dc.o ABSOLUTE
    handlers.s                               0x00000000   Number         0  handlers.o ABSOLUTE
    init.s                                   0x00000000   Number         0  init.o ABSOLUTE
    RESET                                    0x08000000   Section      428  startup_stm32f427xx.o(RESET)
    .ARM.Collect$$$$00000000                 0x080001ac   Section        0  entry.o(.ARM.Collect$$$$00000000)
    .ARM.Collect$$$$00000001                 0x080001ac   Section        4  entry2.o(.ARM.Collect$$$$00000001)
    .ARM.Collect$$$$00000004                 0x080001b0   Section        4  entry5.o(.ARM.Collect$$$$00000004)
    .ARM.Collect$$$$00000008                 0x080001b4   Section        0  entry7b.o(.ARM.Collect$$$$00000008)
    .ARM.Collect$$$$0000000A                 0x080001b4   Section        0  entry8b.o(.ARM.Collect$$$$0000000A)
    .ARM.Collect$$$$0000000B                 0x080001b4   Section        8  entry9a.o(.ARM.Collect$$$$0000000B)
    .ARM.Collect$$$$0000000D                 0x080001bc   Section        0  entry10a.o(.ARM.Collect$$$$0000000D)
    .ARM.Collect$$$$0000000F                 0x080001bc   Section        0  entry11a.o(.ARM.Collect$$$$0000000F)
    .ARM.Collect$$$$00002712                 0x080001bc   Section        4  entry2.o(.ARM.Collect$$$$00002712)
    __lit__00000000                          0x080001bc   Data           4  entry2.o(.ARM.Collect$$$$00002712)
    .text                                    0x080001c0   Section       36  startup_stm32f427xx.o(.text)
    $v0                                      0x080001c0   Number         0  startup_stm32f427xx.o(.text)
    .text                                    0x080001e4   Section        0  uidiv.o(.text)
    .text                                    0x08000210   Section       36  init.o(.text)
    i.Display_Power                          0x08000234   Section        0  led.o(i.Display_Power)
    i.EXTI15_10_IRQHandler                   0x080002e4   Section        0  mpu6000.o(i.EXTI15_10_IRQHandler)
    i.HAL_Delay                              0x08000308   Section        0  stm32f4xx_hal.o(i.HAL_Delay)
    i.HAL_GPIO_Init                          0x08000324   Section        0  stm32f4xx_hal_gpio.o(i.HAL_GPIO_Init)
    i.HAL_GPIO_ReadPin                       0x08000748   Section        0  stm32f4xx_hal_gpio.o(i.HAL_GPIO_ReadPin)
    i.HAL_GPIO_TogglePin                     0x080007a8   Section        0  stm32f4xx_hal_gpio.o(i.HAL_GPIO_TogglePin)
    i.HAL_GPIO_WritePin                      0x08000800   Section        0  stm32f4xx_hal_gpio.o(i.HAL_GPIO_WritePin)
    i.HAL_GetTick                            0x0800086c   Section        0  stm32f4xx_hal.o(i.HAL_GetTick)
    i.HAL_IncTick                            0x08000878   Section        0  stm32f4xx_hal.o(i.HAL_IncTick)
    i.HAL_Init                               0x08000888   Section        0  stm32f4xx_hal.o(i.HAL_Init)
    i.HAL_InitTick                           0x080008c4   Section        0  stm32f4xx_hal.o(i.HAL_InitTick)
    i.HAL_MspInit                            0x080008e8   Section        0  stm32f4xx_hal.o(i.HAL_MspInit)
    i.HAL_NVIC_EnableIRQ                     0x080008ea   Section        0  stm32f4xx_hal_cortex.o(i.HAL_NVIC_EnableIRQ)
    i.HAL_NVIC_SetPriority                   0x08000904   Section        0  stm32f4xx_hal_cortex.o(i.HAL_NVIC_SetPriority)
    i.HAL_NVIC_SetPriorityGrouping           0x080009d4   Section        0  stm32f4xx_hal_cortex.o(i.HAL_NVIC_SetPriorityGrouping)
    i.HAL_RCC_ClockConfig                    0x08000a58   Section        0  stm32f4xx_hal_rcc.o(i.HAL_RCC_ClockConfig)
    i.HAL_RCC_GetHCLKFreq                    0x08000e60   Section        0  stm32f4xx_hal_rcc.o(i.HAL_RCC_GetHCLKFreq)
    i.HAL_RCC_GetPCLK1Freq                   0x08000e98   Section        0  stm32f4xx_hal_rcc.o(i.HAL_RCC_GetPCLK1Freq)
    i.HAL_RCC_GetPCLK2Freq                   0x08000ec4   Section        0  stm32f4xx_hal_rcc.o(i.HAL_RCC_GetPCLK2Freq)
    i.HAL_RCC_GetSysClockFreq                0x08000ef0   Section        0  stm32f4xx_hal_rcc.o(i.HAL_RCC_GetSysClockFreq)
    i.HAL_RCC_OscConfig                      0x08000fb4   Section        0  stm32f4xx_hal_rcc.o(i.HAL_RCC_OscConfig)
    i.HAL_SPI_Init                           0x08001514   Section        0  stm32f4xx_hal_spi.o(i.HAL_SPI_Init)
    i.HAL_SPI_MspInit                        0x080016ec   Section        0  stm32f4xx_hal_spi.o(i.HAL_SPI_MspInit)
    i.HAL_SPI_TransmitReceive                0x080016f0   Section        0  stm32f4xx_hal_spi.o(i.HAL_SPI_TransmitReceive)
    i.HAL_SYSTICK_Config                     0x08001a94   Section        0  stm32f4xx_hal_cortex.o(i.HAL_SYSTICK_Config)
    i.HAL_TIM_Base_Init                      0x08001ac8   Section        0  stm32f4xx_hal_tim.o(i.HAL_TIM_Base_Init)
    i.HAL_TIM_Base_MspInit                   0x08001c20   Section        0  stm32f4xx_hal_tim.o(i.HAL_TIM_Base_MspInit)
    i.HAL_TIM_Base_Start_IT                  0x08001c24   Section        0  stm32f4xx_hal_tim.o(i.HAL_TIM_Base_Start_IT)
    i.HAL_UART_Init                          0x08001d2c   Section        0  stm32f4xx_hal_uart.o(i.HAL_UART_Init)
    i.HAL_UART_MspInit                       0x08001e60   Section        0  stm32f4xx_hal_uart.o(i.HAL_UART_MspInit)
    i.HAL_UART_Transmit                      0x08001e62   Section        0  stm32f4xx_hal_uart.o(i.HAL_UART_Transmit)
    i.LED_Init                               0x08001f54   Section        0  led.o(i.LED_Init)
    i.LED_Toggle                             0x08001fa8   Section        0  led.o(i.LED_Toggle)
    i.MPU6000_CS_DISABLE                     0x08001fc8   Section        0  mpu6000.o(i.MPU6000_CS_DISABLE)
    i.MPU6000_CS_ENABLE                      0x08001fdc   Section        0  mpu6000.o(i.MPU6000_CS_ENABLE)
    i.MPU6000_Init                           0x08001ff0   Section        0  mpu6000.o(i.MPU6000_Init)
    i.MPU6000_RAW_READY                      0x080020e4   Section        0  mpu6000.o(i.MPU6000_RAW_READY)
    i.MPU6000_RW                             0x08002178   Section        0  mpu6000.o(i.MPU6000_RW)
    i.MPU6000_SET                            0x08002198   Section        0  mpu6000.o(i.MPU6000_SET)
    i.NVIC_GetPriorityGrouping               0x080021b4   Section        0  stm32f4xx_hal_cortex.o(i.NVIC_GetPriorityGrouping)
    NVIC_GetPriorityGrouping                 0x080021b5   Thumb Code    10  stm32f4xx_hal_cortex.o(i.NVIC_GetPriorityGrouping)
    i.NVIC_SetPriority                       0x080021c4   Section        0  stm32f4xx_hal_cortex.o(i.NVIC_SetPriority)
    NVIC_SetPriority                         0x080021c5   Thumb Code    32  stm32f4xx_hal_cortex.o(i.NVIC_SetPriority)
    i.POWER_Init                             0x080021ec   Section        0  led.o(i.POWER_Init)
    i.SPI1_Init                              0x080021fc   Section        0  spi.o(i.SPI1_Init)
    i.SPI_MPU_Read                           0x080022d8   Section        0  mpu6000.o(i.SPI_MPU_Read)
    i.SPI_WaitOnFlagUntilTimeout             0x0800230e   Section        0  stm32f4xx_hal_spi.o(i.SPI_WaitOnFlagUntilTimeout)
    SPI_WaitOnFlagUntilTimeout               0x0800230f   Thumb Code   276  stm32f4xx_hal_spi.o(i.SPI_WaitOnFlagUntilTimeout)
    i.SysTick_Handler                        0x08002422   Section        0  stm32f4xx_it.o(i.SysTick_Handler)
    i.SystemClock_Config                     0x0800242c   Section        0  main.o(i.SystemClock_Config)
    i.SystemInit                             0x0800249c   Section        0  system_stm32f4xx.o(i.SystemInit)
    i.TIM5_IRQHandler                        0x08002500   Section        0  timer.o(i.TIM5_IRQHandler)
    i.TIM5_Init                              0x08002594   Section        0  timer.o(i.TIM5_Init)
    i.TIM_Base_SetConfig                     0x080025e8   Section        0  stm32f4xx_hal_tim.o(i.TIM_Base_SetConfig)
    i.UART7_IRQHandler                       0x080026cc   Section        0  uart.o(i.UART7_IRQHandler)
    i.UART7_Init                             0x080026f8   Section        0  uart.o(i.UART7_Init)
    i.UART_SetConfig                         0x080027a4   Section        0  stm32f4xx_hal_uart.o(i.UART_SetConfig)
    UART_SetConfig                           0x080027a5   Thumb Code   828  stm32f4xx_hal_uart.o(i.UART_SetConfig)
    i.UART_WaitOnFlagUntilTimeout            0x08002b3c   Section        0  stm32f4xx_hal_uart.o(i.UART_WaitOnFlagUntilTimeout)
    UART_WaitOnFlagUntilTimeout              0x08002b3d   Thumb Code   250  stm32f4xx_hal_uart.o(i.UART_WaitOnFlagUntilTimeout)
    i.VDD_3V3_SENSORS_EN_ENABLE              0x08002c38   Section        0  led.o(i.VDD_3V3_SENSORS_EN_ENABLE)
    i.VDD_5V_HIPOWER_OC_ENABLE               0x08002c70   Section        0  led.o(i.VDD_5V_HIPOWER_OC_ENABLE)
    i.VDD_5V_PERIPH_EN_ENABLE                0x08002ca8   Section        0  led.o(i.VDD_5V_PERIPH_EN_ENABLE)
    i.VDD_5V_PERIPH_OC_ENABLE                0x08002ce4   Section        0  led.o(i.VDD_5V_PERIPH_OC_ENABLE)
    i.VDD_CTRL_Init                          0x08002d1c   Section        0  led.o(i.VDD_CTRL_Init)
    VDD_CTRL_Init                            0x08002d1d   Thumb Code   164  led.o(i.VDD_CTRL_Init)
    i.VDD_VALID_Init                         0x08002dcc   Section        0  led.o(i.VDD_VALID_Init)
    VDD_VALID_Init                           0x08002dcd   Thumb Code    86  led.o(i.VDD_VALID_Init)
    i.__0printf$3                            0x08002e2c   Section        0  printf3.o(i.__0printf$3)
    i.__scatterload_copy                     0x08002e4c   Section       14  handlers.o(i.__scatterload_copy)
    i.__scatterload_null                     0x08002e5a   Section        2  handlers.o(i.__scatterload_null)
    i.__scatterload_zeroinit                 0x08002e5c   Section       14  handlers.o(i.__scatterload_zeroinit)
    i._printf_core                           0x08002e6c   Section        0  printf3.o(i._printf_core)
    _printf_core                             0x08002e6d   Thumb Code   436  printf3.o(i._printf_core)
    i.assert_failed                          0x08003024   Section        0  main.o(i.assert_failed)
    i.fputc                                  0x08003048   Section        0  uart.o(i.fputc)
    i.main                                   0x08003064   Section        0  main.o(i.main)
    .constdata                               0x08003092   Section        2  led.o(.constdata)
    .constdata                               0x08003094   Section       16  stm32f4xx_hal_rcc.o(.constdata)
    .data                                    0x20000000   Section        4  led.o(.data)
    .data                                    0x20000004   Section        4  stm32f4xx_hal.o(.data)
    uwTick                                   0x20000004   Data           4  stm32f4xx_hal.o(.data)
    .data                                    0x20000008   Section       20  system_stm32f4xx.o(.data)
    .data                                    0x2000001c   Section        4  stdout.o(.data)
    .bss                                     0x20000020   Section       60  uart.o(.bss)
    .bss                                     0x2000005c   Section       60  timer.o(.bss)
    .bss                                     0x20000098   Section       84  spi.o(.bss)
    .bss                                     0x200000ec   Section       20  mpu6000.o(.bss)
    STACK                                    0x20000100   Section     1024  startup_stm32f427xx.o(STACK)

    Global Symbols

    Symbol Name                              Value     Ov Type        Size  Object(Section)

    BuildAttributes$$THM_ISAv4$E$P$D$K$B$S$7EM$VFPi3$EXTD16$VFPS$VFMA$PE$A:L22UL41UL21$X:L11$S22US41US21$IEEE1$IW$USESV6$~STKCKD$USESV7$~SHL$OSPACE$ROPI$EBA8$MICROLIB$REQ8$PRES8$EABIv2 0x00000000   Number         0  anon$$obj.o ABSOLUTE
    __ARM_use_no_argv                        0x00000000   Number         0  main.o ABSOLUTE
    _printf_a                                0x00000000   Number         0  stubs.o ABSOLUTE
    _printf_c                                0x00000000   Number         0  stubs.o ABSOLUTE
    _printf_charcount                        0x00000000   Number         0  stubs.o ABSOLUTE
    _printf_d                                0x00000000   Number         0  stubs.o ABSOLUTE
    _printf_e                                0x00000000   Number         0  stubs.o ABSOLUTE
    _printf_f                                0x00000000   Number         0  stubs.o ABSOLUTE
    _printf_flags                            0x00000000   Number         0  stubs.o ABSOLUTE
    _printf_fp_dec                           0x00000000   Number         0  stubs.o ABSOLUTE
    _printf_fp_hex                           0x00000000   Number         0  stubs.o ABSOLUTE
    _printf_g                                0x00000000   Number         0  stubs.o ABSOLUTE
    _printf_i                                0x00000000   Number         0  stubs.o ABSOLUTE
    _printf_int_dec                          0x00000000   Number         0  stubs.o ABSOLUTE
    _printf_l                                0x00000000   Number         0  stubs.o ABSOLUTE
    _printf_lc                               0x00000000   Number         0  stubs.o ABSOLUTE
    _printf_ll                               0x00000000   Number         0  stubs.o ABSOLUTE
    _printf_lld                              0x00000000   Number         0  stubs.o ABSOLUTE
    _printf_lli                              0x00000000   Number         0  stubs.o ABSOLUTE
    _printf_llo                              0x00000000   Number         0  stubs.o ABSOLUTE
    _printf_llu                              0x00000000   Number         0  stubs.o ABSOLUTE
    _printf_llx                              0x00000000   Number         0  stubs.o ABSOLUTE
    _printf_longlong_dec                     0x00000000   Number         0  stubs.o ABSOLUTE
    _printf_longlong_hex                     0x00000000   Number         0  stubs.o ABSOLUTE
    _printf_longlong_oct                     0x00000000   Number         0  stubs.o ABSOLUTE
    _printf_ls                               0x00000000   Number         0  stubs.o ABSOLUTE
    _printf_mbtowc                           0x00000000   Number         0  stubs.o ABSOLUTE
    _printf_n                                0x00000000   Number         0  stubs.o ABSOLUTE
    _printf_o                                0x00000000   Number         0  stubs.o ABSOLUTE
    _printf_p                                0x00000000   Number         0  stubs.o ABSOLUTE
    _printf_percent                          0x00000000   Number         0  stubs.o ABSOLUTE
    _printf_pre_padding                      0x00000000   Number         0  stubs.o ABSOLUTE
    _printf_return_value                     0x00000000   Number         0  stubs.o ABSOLUTE
    _printf_s                                0x00000000   Number         0  stubs.o ABSOLUTE
    _printf_sizespec                         0x00000000   Number         0  stubs.o ABSOLUTE
    _printf_str                              0x00000000   Number         0  stubs.o ABSOLUTE
    _printf_truncate_signed                  0x00000000   Number         0  stubs.o ABSOLUTE
    _printf_truncate_unsigned                0x00000000   Number         0  stubs.o ABSOLUTE
    _printf_u                                0x00000000   Number         0  stubs.o ABSOLUTE
    _printf_wc                               0x00000000   Number         0  stubs.o ABSOLUTE
    _printf_wctomb                           0x00000000   Number         0  stubs.o ABSOLUTE
    _printf_widthprec                        0x00000000   Number         0  stubs.o ABSOLUTE
    _printf_x                                0x00000000   Number         0  stubs.o ABSOLUTE
    __cpp_initialize__aeabi_                  - Undefined Weak Reference
    __cxa_finalize                            - Undefined Weak Reference
    __decompress                              - Undefined Weak Reference
    _clock_init                               - Undefined Weak Reference
    _microlib_exit                            - Undefined Weak Reference
    __Vectors_Size                           0x000001ac   Number         0  startup_stm32f427xx.o ABSOLUTE
    __Vectors                                0x08000000   Data           4  startup_stm32f427xx.o(RESET)
    __Vectors_End                            0x080001ac   Data           0  startup_stm32f427xx.o(RESET)
    __main                                   0x080001ad   Thumb Code     0  entry.o(.ARM.Collect$$$$00000000)
    _main_stk                                0x080001ad   Thumb Code     0  entry2.o(.ARM.Collect$$$$00000001)
    _main_scatterload                        0x080001b1   Thumb Code     0  entry5.o(.ARM.Collect$$$$00000004)
    __main_after_scatterload                 0x080001b5   Thumb Code     0  entry5.o(.ARM.Collect$$$$00000004)
    _main_clock                              0x080001b5   Thumb Code     0  entry7b.o(.ARM.Collect$$$$00000008)
    _main_cpp_init                           0x080001b5   Thumb Code     0  entry8b.o(.ARM.Collect$$$$0000000A)
    _main_init                               0x080001b5   Thumb Code     0  entry9a.o(.ARM.Collect$$$$0000000B)
    __rt_final_cpp                           0x080001bd   Thumb Code     0  entry10a.o(.ARM.Collect$$$$0000000D)
    __rt_final_exit                          0x080001bd   Thumb Code     0  entry11a.o(.ARM.Collect$$$$0000000F)
    Reset_Handler                            0x080001c1   Thumb Code     8  startup_stm32f427xx.o(.text)
    NMI_Handler                              0x080001c9   Thumb Code     2  startup_stm32f427xx.o(.text)
    HardFault_Handler                        0x080001cb   Thumb Code     2  startup_stm32f427xx.o(.text)
    MemManage_Handler                        0x080001cd   Thumb Code     2  startup_stm32f427xx.o(.text)
    BusFault_Handler                         0x080001cf   Thumb Code     2  startup_stm32f427xx.o(.text)
    UsageFault_Handler                       0x080001d1   Thumb Code     2  startup_stm32f427xx.o(.text)
    SVC_Handler                              0x080001d3   Thumb Code     2  startup_stm32f427xx.o(.text)
    DebugMon_Handler                         0x080001d5   Thumb Code     2  startup_stm32f427xx.o(.text)
    PendSV_Handler                           0x080001d7   Thumb Code     2  startup_stm32f427xx.o(.text)
    ADC_IRQHandler                           0x080001db   Thumb Code     0  startup_stm32f427xx.o(.text)
    CAN1_RX0_IRQHandler                      0x080001db   Thumb Code     0  startup_stm32f427xx.o(.text)
    CAN1_RX1_IRQHandler                      0x080001db   Thumb Code     0  startup_stm32f427xx.o(.text)
    CAN1_SCE_IRQHandler                      0x080001db   Thumb Code     0  startup_stm32f427xx.o(.text)
    CAN1_TX_IRQHandler                       0x080001db   Thumb Code     0  startup_stm32f427xx.o(.text)
    CAN2_RX0_IRQHandler                      0x080001db   Thumb Code     0  startup_stm32f427xx.o(.text)
    CAN2_RX1_IRQHandler                      0x080001db   Thumb Code     0  startup_stm32f427xx.o(.text)
    CAN2_SCE_IRQHandler                      0x080001db   Thumb Code     0  startup_stm32f427xx.o(.text)
    CAN2_TX_IRQHandler                       0x080001db   Thumb Code     0  startup_stm32f427xx.o(.text)
    DCMI_IRQHandler                          0x080001db   Thumb Code     0  startup_stm32f427xx.o(.text)
    DMA1_Stream0_IRQHandler                  0x080001db   Thumb Code     0  startup_stm32f427xx.o(.text)
    DMA1_Stream1_IRQHandler                  0x080001db   Thumb Code     0  startup_stm32f427xx.o(.text)
    DMA1_Stream2_IRQHandler                  0x080001db   Thumb Code     0  startup_stm32f427xx.o(.text)
    DMA1_Stream3_IRQHandler                  0x080001db   Thumb Code     0  startup_stm32f427xx.o(.text)
    DMA1_Stream4_IRQHandler                  0x080001db   Thumb Code     0  startup_stm32f427xx.o(.text)
    DMA1_Stream5_IRQHandler                  0x080001db   Thumb Code     0  startup_stm32f427xx.o(.text)
    DMA1_Stream6_IRQHandler                  0x080001db   Thumb Code     0  startup_stm32f427xx.o(.text)
    DMA1_Stream7_IRQHandler                  0x080001db   Thumb Code     0  startup_stm32f427xx.o(.text)
    DMA2D_IRQHandler                         0x080001db   Thumb Code     0  startup_stm32f427xx.o(.text)
    DMA2_Stream0_IRQHandler                  0x080001db   Thumb Code     0  startup_stm32f427xx.o(.text)
    DMA2_Stream1_IRQHandler                  0x080001db   Thumb Code     0  startup_stm32f427xx.o(.text)
    DMA2_Stream2_IRQHandler                  0x080001db   Thumb Code     0  startup_stm32f427xx.o(.text)
    DMA2_Stream3_IRQHandler                  0x080001db   Thumb Code     0  startup_stm32f427xx.o(.text)
    DMA2_Stream4_IRQHandler                  0x080001db   Thumb Code     0  startup_stm32f427xx.o(.text)
    DMA2_Stream5_IRQHandler                  0x080001db   Thumb Code     0  startup_stm32f427xx.o(.text)
    DMA2_Stream6_IRQHandler                  0x080001db   Thumb Code     0  startup_stm32f427xx.o(.text)
    DMA2_Stream7_IRQHandler                  0x080001db   Thumb Code     0  startup_stm32f427xx.o(.text)
    ETH_IRQHandler                           0x080001db   Thumb Code     0  startup_stm32f427xx.o(.text)
    ETH_WKUP_IRQHandler                      0x080001db   Thumb Code     0  startup_stm32f427xx.o(.text)
    EXTI0_IRQHandler                         0x080001db   Thumb Code     0  startup_stm32f427xx.o(.text)
    EXTI1_IRQHandler                         0x080001db   Thumb Code     0  startup_stm32f427xx.o(.text)
    EXTI2_IRQHandler                         0x080001db   Thumb Code     0  startup_stm32f427xx.o(.text)
    EXTI3_IRQHandler                         0x080001db   Thumb Code     0  startup_stm32f427xx.o(.text)
    EXTI4_IRQHandler                         0x080001db   Thumb Code     0  startup_stm32f427xx.o(.text)
    EXTI9_5_IRQHandler                       0x080001db   Thumb Code     0  startup_stm32f427xx.o(.text)
    FLASH_IRQHandler                         0x080001db   Thumb Code     0  startup_stm32f427xx.o(.text)
    FMC_IRQHandler                           0x080001db   Thumb Code     0  startup_stm32f427xx.o(.text)
    FPU_IRQHandler                           0x080001db   Thumb Code     0  startup_stm32f427xx.o(.text)
    HASH_RNG_IRQHandler                      0x080001db   Thumb Code     0  startup_stm32f427xx.o(.text)
    I2C1_ER_IRQHandler                       0x080001db   Thumb Code     0  startup_stm32f427xx.o(.text)
    I2C1_EV_IRQHandler                       0x080001db   Thumb Code     0  startup_stm32f427xx.o(.text)
    I2C2_ER_IRQHandler                       0x080001db   Thumb Code     0  startup_stm32f427xx.o(.text)
    I2C2_EV_IRQHandler                       0x080001db   Thumb Code     0  startup_stm32f427xx.o(.text)
    I2C3_ER_IRQHandler                       0x080001db   Thumb Code     0  startup_stm32f427xx.o(.text)
    I2C3_EV_IRQHandler                       0x080001db   Thumb Code     0  startup_stm32f427xx.o(.text)
    OTG_FS_IRQHandler                        0x080001db   Thumb Code     0  startup_stm32f427xx.o(.text)
    OTG_FS_WKUP_IRQHandler                   0x080001db   Thumb Code     0  startup_stm32f427xx.o(.text)
    OTG_HS_EP1_IN_IRQHandler                 0x080001db   Thumb Code     0  startup_stm32f427xx.o(.text)
    OTG_HS_EP1_OUT_IRQHandler                0x080001db   Thumb Code     0  startup_stm32f427xx.o(.text)
    OTG_HS_IRQHandler                        0x080001db   Thumb Code     0  startup_stm32f427xx.o(.text)
    OTG_HS_WKUP_IRQHandler                   0x080001db   Thumb Code     0  startup_stm32f427xx.o(.text)
    PVD_IRQHandler                           0x080001db   Thumb Code     0  startup_stm32f427xx.o(.text)
    RCC_IRQHandler                           0x080001db   Thumb Code     0  startup_stm32f427xx.o(.text)
    RTC_Alarm_IRQHandler                     0x080001db   Thumb Code     0  startup_stm32f427xx.o(.text)
    RTC_WKUP_IRQHandler                      0x080001db   Thumb Code     0  startup_stm32f427xx.o(.text)
    SAI1_IRQHandler                          0x080001db   Thumb Code     0  startup_stm32f427xx.o(.text)
    SDIO_IRQHandler                          0x080001db   Thumb Code     0  startup_stm32f427xx.o(.text)
    SPI1_IRQHandler                          0x080001db   Thumb Code     0  startup_stm32f427xx.o(.text)
    SPI2_IRQHandler                          0x080001db   Thumb Code     0  startup_stm32f427xx.o(.text)
    SPI3_IRQHandler                          0x080001db   Thumb Code     0  startup_stm32f427xx.o(.text)
    SPI4_IRQHandler                          0x080001db   Thumb Code     0  startup_stm32f427xx.o(.text)
    SPI5_IRQHandler                          0x080001db   Thumb Code     0  startup_stm32f427xx.o(.text)
    SPI6_IRQHandler                          0x080001db   Thumb Code     0  startup_stm32f427xx.o(.text)
    TAMP_STAMP_IRQHandler                    0x080001db   Thumb Code     0  startup_stm32f427xx.o(.text)
    TIM1_BRK_TIM9_IRQHandler                 0x080001db   Thumb Code     0  startup_stm32f427xx.o(.text)
    TIM1_CC_IRQHandler                       0x080001db   Thumb Code     0  startup_stm32f427xx.o(.text)
    TIM1_TRG_COM_TIM11_IRQHandler            0x080001db   Thumb Code     0  startup_stm32f427xx.o(.text)
    TIM1_UP_TIM10_IRQHandler                 0x080001db   Thumb Code     0  startup_stm32f427xx.o(.text)
    TIM2_IRQHandler                          0x080001db   Thumb Code     0  startup_stm32f427xx.o(.text)
    TIM3_IRQHandler                          0x080001db   Thumb Code     0  startup_stm32f427xx.o(.text)
    TIM4_IRQHandler                          0x080001db   Thumb Code     0  startup_stm32f427xx.o(.text)
    TIM6_DAC_IRQHandler                      0x080001db   Thumb Code     0  startup_stm32f427xx.o(.text)
    TIM7_IRQHandler                          0x080001db   Thumb Code     0  startup_stm32f427xx.o(.text)
    TIM8_BRK_TIM12_IRQHandler                0x080001db   Thumb Code     0  startup_stm32f427xx.o(.text)
    TIM8_CC_IRQHandler                       0x080001db   Thumb Code     0  startup_stm32f427xx.o(.text)
    TIM8_TRG_COM_TIM14_IRQHandler            0x080001db   Thumb Code     0  startup_stm32f427xx.o(.text)
    TIM8_UP_TIM13_IRQHandler                 0x080001db   Thumb Code     0  startup_stm32f427xx.o(.text)
    UART4_IRQHandler                         0x080001db   Thumb Code     0  startup_stm32f427xx.o(.text)
    UART5_IRQHandler                         0x080001db   Thumb Code     0  startup_stm32f427xx.o(.text)
    UART8_IRQHandler                         0x080001db   Thumb Code     0  startup_stm32f427xx.o(.text)
    USART1_IRQHandler                        0x080001db   Thumb Code     0  startup_stm32f427xx.o(.text)
    USART2_IRQHandler                        0x080001db   Thumb Code     0  startup_stm32f427xx.o(.text)
    USART3_IRQHandler                        0x080001db   Thumb Code     0  startup_stm32f427xx.o(.text)
    USART6_IRQHandler                        0x080001db   Thumb Code     0  startup_stm32f427xx.o(.text)
    WWDG_IRQHandler                          0x080001db   Thumb Code     0  startup_stm32f427xx.o(.text)
    __aeabi_uidiv                            0x080001e5   Thumb Code     0  uidiv.o(.text)
    __aeabi_uidivmod                         0x080001e5   Thumb Code    44  uidiv.o(.text)
    __scatterload                            0x08000211   Thumb Code    28  init.o(.text)
    __scatterload_rt2                        0x08000211   Thumb Code     0  init.o(.text)
    Display_Power                            0x08000235   Thumb Code    58  led.o(i.Display_Power)
    EXTI15_10_IRQHandler                     0x080002e5   Thumb Code    28  mpu6000.o(i.EXTI15_10_IRQHandler)
    HAL_Delay                                0x08000309   Thumb Code    26  stm32f4xx_hal.o(i.HAL_Delay)
    HAL_GPIO_Init                            0x08000325   Thumb Code   926  stm32f4xx_hal_gpio.o(i.HAL_GPIO_Init)
    HAL_GPIO_ReadPin                         0x08000749   Thumb Code    38  stm32f4xx_hal_gpio.o(i.HAL_GPIO_ReadPin)
    HAL_GPIO_TogglePin                       0x080007a9   Thumb Code    30  stm32f4xx_hal_gpio.o(i.HAL_GPIO_TogglePin)
    HAL_GPIO_WritePin                        0x08000801   Thumb Code    52  stm32f4xx_hal_gpio.o(i.HAL_GPIO_WritePin)
    HAL_GetTick                              0x0800086d   Thumb Code     6  stm32f4xx_hal.o(i.HAL_GetTick)
    HAL_IncTick                              0x08000879   Thumb Code    12  stm32f4xx_hal.o(i.HAL_IncTick)
    HAL_Init                                 0x08000889   Thumb Code    54  stm32f4xx_hal.o(i.HAL_Init)
    HAL_InitTick                             0x080008c5   Thumb Code    36  stm32f4xx_hal.o(i.HAL_InitTick)
    HAL_MspInit                              0x080008e9   Thumb Code     2  stm32f4xx_hal.o(i.HAL_MspInit)
    HAL_NVIC_EnableIRQ                       0x080008eb   Thumb Code    26  stm32f4xx_hal_cortex.o(i.HAL_NVIC_EnableIRQ)
    HAL_NVIC_SetPriority                     0x08000905   Thumb Code   152  stm32f4xx_hal_cortex.o(i.HAL_NVIC_SetPriority)
    HAL_NVIC_SetPriorityGrouping             0x080009d5   Thumb Code    66  stm32f4xx_hal_cortex.o(i.HAL_NVIC_SetPriorityGrouping)
    HAL_RCC_ClockConfig                      0x08000a59   Thumb Code   966  stm32f4xx_hal_rcc.o(i.HAL_RCC_ClockConfig)
    HAL_RCC_GetHCLKFreq                      0x08000e61   Thumb Code    42  stm32f4xx_hal_rcc.o(i.HAL_RCC_GetHCLKFreq)
    HAL_RCC_GetPCLK1Freq                     0x08000e99   Thumb Code    36  stm32f4xx_hal_rcc.o(i.HAL_RCC_GetPCLK1Freq)
    HAL_RCC_GetPCLK2Freq                     0x08000ec5   Thumb Code    36  stm32f4xx_hal_rcc.o(i.HAL_RCC_GetPCLK2Freq)
    HAL_RCC_GetSysClockFreq                  0x08000ef1   Thumb Code   182  stm32f4xx_hal_rcc.o(i.HAL_RCC_GetSysClockFreq)
    HAL_RCC_OscConfig                        0x08000fb5   Thumb Code  1366  stm32f4xx_hal_rcc.o(i.HAL_RCC_OscConfig)
    HAL_SPI_Init                             0x08001515   Thumb Code   416  stm32f4xx_hal_spi.o(i.HAL_SPI_Init)
    HAL_SPI_MspInit                          0x080016ed   Thumb Code     2  stm32f4xx_hal_spi.o(i.HAL_SPI_MspInit)
    HAL_SPI_TransmitReceive                  0x080016f1   Thumb Code   876  stm32f4xx_hal_spi.o(i.HAL_SPI_TransmitReceive)
    HAL_SYSTICK_Config                       0x08001a95   Thumb Code    52  stm32f4xx_hal_cortex.o(i.HAL_SYSTICK_Config)
    HAL_TIM_Base_Init                        0x08001ac9   Thumb Code   236  stm32f4xx_hal_tim.o(i.HAL_TIM_Base_Init)
    HAL_TIM_Base_MspInit                     0x08001c21   Thumb Code     2  stm32f4xx_hal_tim.o(i.HAL_TIM_Base_MspInit)
    HAL_TIM_Base_Start_IT                    0x08001c25   Thumb Code   156  stm32f4xx_hal_tim.o(i.HAL_TIM_Base_Start_IT)
    HAL_UART_Init                            0x08001d2d   Thumb Code   220  stm32f4xx_hal_uart.o(i.HAL_UART_Init)
    HAL_UART_MspInit                         0x08001e61   Thumb Code     2  stm32f4xx_hal_uart.o(i.HAL_UART_MspInit)
    HAL_UART_Transmit                        0x08001e63   Thumb Code   242  stm32f4xx_hal_uart.o(i.HAL_UART_Transmit)
    LED_Init                                 0x08001f55   Thumb Code    70  led.o(i.LED_Init)
    LED_Toggle                               0x08001fa9   Thumb Code    22  led.o(i.LED_Toggle)
    MPU6000_CS_DISABLE                       0x08001fc9   Thumb Code    14  mpu6000.o(i.MPU6000_CS_DISABLE)
    MPU6000_CS_ENABLE                        0x08001fdd   Thumb Code    14  mpu6000.o(i.MPU6000_CS_ENABLE)
    MPU6000_Init                             0x08001ff1   Thumb Code   226  mpu6000.o(i.MPU6000_Init)
    MPU6000_RAW_READY                        0x080020e5   Thumb Code   148  mpu6000.o(i.MPU6000_RAW_READY)
    MPU6000_RW                               0x08002179   Thumb Code    28  mpu6000.o(i.MPU6000_RW)
    MPU6000_SET                              0x08002199   Thumb Code    28  mpu6000.o(i.MPU6000_SET)
    POWER_Init                               0x080021ed   Thumb Code    16  led.o(i.POWER_Init)
    SPI1_Init                                0x080021fd   Thumb Code   202  spi.o(i.SPI1_Init)
    SPI_MPU_Read                             0x080022d9   Thumb Code    54  mpu6000.o(i.SPI_MPU_Read)
    SysTick_Handler                          0x08002423   Thumb Code     8  stm32f4xx_it.o(i.SysTick_Handler)
    SystemClock_Config                       0x0800242d   Thumb Code   102  main.o(i.SystemClock_Config)
    SystemInit                               0x0800249d   Thumb Code    82  system_stm32f4xx.o(i.SystemInit)
    TIM5_IRQHandler                          0x08002501   Thumb Code    68  timer.o(i.TIM5_IRQHandler)
    TIM5_Init                                0x08002595   Thumb Code    72  timer.o(i.TIM5_Init)
    TIM_Base_SetConfig                       0x080025e9   Thumb Code   184  stm32f4xx_hal_tim.o(i.TIM_Base_SetConfig)
    UART7_IRQHandler                         0x080026cd   Thumb Code    34  uart.o(i.UART7_IRQHandler)
    UART7_Init                               0x080026f9   Thumb Code   154  uart.o(i.UART7_Init)
    VDD_3V3_SENSORS_EN_ENABLE                0x08002c39   Thumb Code    20  led.o(i.VDD_3V3_SENSORS_EN_ENABLE)
    VDD_5V_HIPOWER_OC_ENABLE                 0x08002c71   Thumb Code    20  led.o(i.VDD_5V_HIPOWER_OC_ENABLE)
    VDD_5V_PERIPH_EN_ENABLE                  0x08002ca9   Thumb Code    22  led.o(i.VDD_5V_PERIPH_EN_ENABLE)
    VDD_5V_PERIPH_OC_ENABLE                  0x08002ce5   Thumb Code    20  led.o(i.VDD_5V_PERIPH_OC_ENABLE)
    __0printf$3                              0x08002e2d   Thumb Code    22  printf3.o(i.__0printf$3)
    __1printf$3                              0x08002e2d   Thumb Code     0  printf3.o(i.__0printf$3)
    __2printf                                0x08002e2d   Thumb Code     0  printf3.o(i.__0printf$3)
    __scatterload_copy                       0x08002e4d   Thumb Code    14  handlers.o(i.__scatterload_copy)
    __scatterload_null                       0x08002e5b   Thumb Code     2  handlers.o(i.__scatterload_null)
    __scatterload_zeroinit                   0x08002e5d   Thumb Code    14  handlers.o(i.__scatterload_zeroinit)
    assert_failed                            0x08003025   Thumb Code    16  main.o(i.assert_failed)
    fputc                                    0x08003049   Thumb Code    22  uart.o(i.fputc)
    main                                     0x08003065   Thumb Code    46  main.o(i.main)
    GPIO_PIN                                 0x08003092   Data           2  led.o(.constdata)
    APBAHBPrescTable                         0x08003094   Data          16  stm32f4xx_hal_rcc.o(.constdata)
    Region$$Table$$Base                      0x080030a4   Number         0  anon$$obj.o(Region$$Table)
    Region$$Table$$Limit                     0x080030c4   Number         0  anon$$obj.o(Region$$Table)
    GPIO_PORT                                0x20000000   Data           4  led.o(.data)
    SystemCoreClock                          0x20000008   Data           4  system_stm32f4xx.o(.data)
    AHBPrescTable                            0x2000000c   Data          16  system_stm32f4xx.o(.data)
    __stdout                                 0x2000001c   Data           4  stdout.o(.data)
    UartHandle                               0x20000020   Data          60  uart.o(.bss)
    Tim5Handle                               0x2000005c   Data          60  timer.o(.bss)
    Spi1Handle                               0x20000098   Data          84  spi.o(.bss)
    MPU_report1                              0x200000ec   Data          20  mpu6000.o(.bss)
    __initial_sp                             0x20000500   Data           0  startup_stm32f427xx.o(STACK)



==============================================================================

Memory Map of the image

  Image Entry point : 0x080001ad

  Load Region LR_IROM1 (Base: 0x08000000, Size: 0x000030e4, Max: 0x00200000, ABSOLUTE)

    Execution Region ER_IROM1 (Base: 0x08000000, Size: 0x000030c4, Max: 0x00200000, ABSOLUTE)

    Base Addr    Size         Type   Attr      Idx    E Section Name        Object

    0x08000000   0x000001ac   Data   RO         2332    RESET               startup_stm32f427xx.o
    0x080001ac   0x00000000   Code   RO         2369  * .ARM.Collect$$$$00000000  mc_w.l(entry.o)
    0x080001ac   0x00000004   Code   RO         2633    .ARM.Collect$$$$00000001  mc_w.l(entry2.o)
    0x080001b0   0x00000004   Code   RO         2636    .ARM.Collect$$$$00000004  mc_w.l(entry5.o)
    0x080001b4   0x00000000   Code   RO         2638    .ARM.Collect$$$$00000008  mc_w.l(entry7b.o)
    0x080001b4   0x00000000   Code   RO         2640    .ARM.Collect$$$$0000000A  mc_w.l(entry8b.o)
    0x080001b4   0x00000008   Code   RO         2641    .ARM.Collect$$$$0000000B  mc_w.l(entry9a.o)
    0x080001bc   0x00000000   Code   RO         2643    .ARM.Collect$$$$0000000D  mc_w.l(entry10a.o)
    0x080001bc   0x00000000   Code   RO         2645    .ARM.Collect$$$$0000000F  mc_w.l(entry11a.o)
    0x080001bc   0x00000004   Code   RO         2634    .ARM.Collect$$$$00002712  mc_w.l(entry2.o)
    0x080001c0   0x00000024   Code   RO         2333    .text               startup_stm32f427xx.o
    0x080001e4   0x0000002c   Code   RO         2648    .text               mc_w.l(uidiv.o)
    0x08000210   0x00000024   Code   RO         2663    .text               mc_w.l(init.o)
    0x08000234   0x000000b0   Code   RO          146    i.Display_Power     led.o
    0x080002e4   0x00000024   Code   RO          412    i.EXTI15_10_IRQHandler  mpu6000.o
    0x08000308   0x0000001a   Code   RO          544    i.HAL_Delay         stm32f4xx_hal.o
    0x08000322   0x00000002   PAD
    0x08000324   0x00000424   Code   RO          484    i.HAL_GPIO_Init     stm32f4xx_hal_gpio.o
    0x08000748   0x00000060   Code   RO          486    i.HAL_GPIO_ReadPin  stm32f4xx_hal_gpio.o
    0x080007a8   0x00000058   Code   RO          487    i.HAL_GPIO_TogglePin  stm32f4xx_hal_gpio.o
    0x08000800   0x0000006c   Code   RO          488    i.HAL_GPIO_WritePin  stm32f4xx_hal_gpio.o
    0x0800086c   0x0000000c   Code   RO          558    i.HAL_GetTick       stm32f4xx_hal.o
    0x08000878   0x00000010   Code   RO          559    i.HAL_IncTick       stm32f4xx_hal.o
    0x08000888   0x0000003c   Code   RO          560    i.HAL_Init          stm32f4xx_hal.o
    0x080008c4   0x00000024   Code   RO          561    i.HAL_InitTick      stm32f4xx_hal.o
    0x080008e8   0x00000002   Code   RO          563    i.HAL_MspInit       stm32f4xx_hal.o
    0x080008ea   0x0000001a   Code   RO          699    i.HAL_NVIC_EnableIRQ  stm32f4xx_hal_cortex.o
    0x08000904   0x000000d0   Code   RO          705    i.HAL_NVIC_SetPriority  stm32f4xx_hal_cortex.o
    0x080009d4   0x00000084   Code   RO          706    i.HAL_NVIC_SetPriorityGrouping  stm32f4xx_hal_cortex.o
    0x08000a58   0x00000408   Code   RO          816    i.HAL_RCC_ClockConfig  stm32f4xx_hal_rcc.o
    0x08000e60   0x00000038   Code   RO          821    i.HAL_RCC_GetHCLKFreq  stm32f4xx_hal_rcc.o
    0x08000e98   0x0000002c   Code   RO          823    i.HAL_RCC_GetPCLK1Freq  stm32f4xx_hal_rcc.o
    0x08000ec4   0x0000002c   Code   RO          824    i.HAL_RCC_GetPCLK2Freq  stm32f4xx_hal_rcc.o
    0x08000ef0   0x000000c4   Code   RO          825    i.HAL_RCC_GetSysClockFreq  stm32f4xx_hal_rcc.o
    0x08000fb4   0x00000560   Code   RO          828    i.HAL_RCC_OscConfig  stm32f4xx_hal_rcc.o
    0x08001514   0x000001d8   Code   RO         2105    i.HAL_SPI_Init      stm32f4xx_hal_spi.o
    0x080016ec   0x00000002   Code   RO         2107    i.HAL_SPI_MspInit   stm32f4xx_hal_spi.o
    0x080016ee   0x00000002   PAD
    0x080016f0   0x000003a4   Code   RO         2114    i.HAL_SPI_TransmitReceive  stm32f4xx_hal_spi.o
    0x08001a94   0x00000034   Code   RO          710    i.HAL_SYSTICK_Config  stm32f4xx_hal_cortex.o
    0x08001ac8   0x00000158   Code   RO         1473    i.HAL_TIM_Base_Init  stm32f4xx_hal_tim.o
    0x08001c20   0x00000002   Code   RO         1475    i.HAL_TIM_Base_MspInit  stm32f4xx_hal_tim.o
    0x08001c22   0x00000002   PAD
    0x08001c24   0x00000108   Code   RO         1478    i.HAL_TIM_Base_Start_IT  stm32f4xx_hal_tim.o
    0x08001d2c   0x00000134   Code   RO          932    i.HAL_UART_Init     stm32f4xx_hal_uart.o
    0x08001e60   0x00000002   Code   RO          934    i.HAL_UART_MspInit  stm32f4xx_hal_uart.o
    0x08001e62   0x000000f2   Code   RO          940    i.HAL_UART_Transmit  stm32f4xx_hal_uart.o
    0x08001f54   0x00000054   Code   RO          147    i.LED_Init          led.o
    0x08001fa8   0x00000020   Code   RO          150    i.LED_Toggle        led.o
    0x08001fc8   0x00000014   Code   RO          413    i.MPU6000_CS_DISABLE  mpu6000.o
    0x08001fdc   0x00000014   Code   RO          414    i.MPU6000_CS_ENABLE  mpu6000.o
    0x08001ff0   0x000000f4   Code   RO          415    i.MPU6000_Init      mpu6000.o
    0x080020e4   0x00000094   Code   RO          416    i.MPU6000_RAW_READY  mpu6000.o
    0x08002178   0x00000020   Code   RO          417    i.MPU6000_RW        mpu6000.o
    0x08002198   0x0000001c   Code   RO          418    i.MPU6000_SET       mpu6000.o
    0x080021b4   0x00000010   Code   RO          712    i.NVIC_GetPriorityGrouping  stm32f4xx_hal_cortex.o
    0x080021c4   0x00000028   Code   RO          713    i.NVIC_SetPriority  stm32f4xx_hal_cortex.o
    0x080021ec   0x00000010   Code   RO          151    i.POWER_Init        led.o
    0x080021fc   0x000000dc   Code   RO          380    i.SPI1_Init         spi.o
    0x080022d8   0x00000036   Code   RO          419    i.SPI_MPU_Read      mpu6000.o
    0x0800230e   0x00000114   Code   RO         2135    i.SPI_WaitOnFlagUntilTimeout  stm32f4xx_hal_spi.o
    0x08002422   0x00000008   Code   RO          288    i.SysTick_Handler   stm32f4xx_it.o
    0x0800242a   0x00000002   PAD
    0x0800242c   0x00000070   Code   RO            3    i.SystemClock_Config  main.o
    0x0800249c   0x00000064   Code   RO         2340    i.SystemInit        system_stm32f4xx.o
    0x08002500   0x00000094   Code   RO          349    i.TIM5_IRQHandler   timer.o
    0x08002594   0x00000054   Code   RO          350    i.TIM5_Init         timer.o
    0x080025e8   0x000000e4   Code   RO         1559    i.TIM_Base_SetConfig  stm32f4xx_hal_tim.o
    0x080026cc   0x0000002c   Code   RO          311    i.UART7_IRQHandler  uart.o
    0x080026f8   0x000000ac   Code   RO          312    i.UART7_Init        uart.o
    0x080027a4   0x00000398   Code   RO          951    i.UART_SetConfig    stm32f4xx_hal_uart.o
    0x08002b3c   0x000000fa   Code   RO          953    i.UART_WaitOnFlagUntilTimeout  stm32f4xx_hal_uart.o
    0x08002c36   0x00000002   PAD
    0x08002c38   0x00000038   Code   RO          153    i.VDD_3V3_SENSORS_EN_ENABLE  led.o
    0x08002c70   0x00000038   Code   RO          155    i.VDD_5V_HIPOWER_OC_ENABLE  led.o
    0x08002ca8   0x0000003c   Code   RO          157    i.VDD_5V_PERIPH_EN_ENABLE  led.o
    0x08002ce4   0x00000038   Code   RO          159    i.VDD_5V_PERIPH_OC_ENABLE  led.o
    0x08002d1c   0x000000b0   Code   RO          160    i.VDD_CTRL_Init     led.o
    0x08002dcc   0x00000060   Code   RO          161    i.VDD_VALID_Init    led.o
    0x08002e2c   0x00000020   Code   RO         2461    i.__0printf$3       mc_w.l(printf3.o)
    0x08002e4c   0x0000000e   Code   RO         2675    i.__scatterload_copy  mc_w.l(handlers.o)
    0x08002e5a   0x00000002   Code   RO         2676    i.__scatterload_null  mc_w.l(handlers.o)
    0x08002e5c   0x0000000e   Code   RO         2677    i.__scatterload_zeroinit  mc_w.l(handlers.o)
    0x08002e6a   0x00000002   PAD
    0x08002e6c   0x000001b8   Code   RO         2468    i._printf_core      mc_w.l(printf3.o)
    0x08003024   0x00000024   Code   RO            4    i.assert_failed     main.o
    0x08003048   0x0000001c   Code   RO          313    i.fputc             uart.o
    0x08003064   0x0000002e   Code   RO            5    i.main              main.o
    0x08003092   0x00000002   Data   RO          162    .constdata          led.o
    0x08003094   0x00000010   Data   RO          829    .constdata          stm32f4xx_hal_rcc.o
    0x080030a4   0x00000020   Data   RO         2673    Region$$Table       anon$$obj.o


    Execution Region RW_IRAM1 (Base: 0x20000000, Size: 0x00000500, Max: 0x00030000, ABSOLUTE)

    Base Addr    Size         Type   Attr      Idx    E Section Name        Object

    0x20000000   0x00000004   Data   RW          163    .data               led.o
    0x20000004   0x00000004   Data   RW          566    .data               stm32f4xx_hal.o
    0x20000008   0x00000014   Data   RW         2341    .data               system_stm32f4xx.o
    0x2000001c   0x00000004   Data   RW         2647    .data               mc_w.l(stdout.o)
    0x20000020   0x0000003c   Zero   RW          314    .bss                uart.o
    0x2000005c   0x0000003c   Zero   RW          351    .bss                timer.o
    0x20000098   0x00000054   Zero   RW          382    .bss                spi.o
    0x200000ec   0x00000014   Zero   RW          420    .bss                mpu6000.o
    0x20000100   0x00000400   Zero   RW         2330    STACK               startup_stm32f427xx.o


==============================================================================

Image component sizes


      Code (inc. data)   RO Data    RW Data    ZI Data      Debug   Object Name

       808        310          2          4          0      60645   led.o
       194         30          0          0          0     301856   main.o
       582         42          0          0         20       6804   mpu6000.o
       220         18          0          0         84        777   spi.o
        36          8        428          0       1024        832   startup_stm32f427xx.o
       152         16          0          4          0       4328   stm32f4xx_hal.o
       474        136          0          0          0      30507   stm32f4xx_hal_cortex.o
      1352        306          0          0          0       4676   stm32f4xx_hal_gpio.o
      2748        192         16          0          0       6103   stm32f4xx_hal_rcc.o
      1682        112          0          0          0       4067   stm32f4xx_hal_spi.o
       838        260          0          0          0       3052   stm32f4xx_hal_tim.o
      1722        180          0          0          0       4271   stm32f4xx_hal_uart.o
         8          0          0          0          0        458   stm32f4xx_it.o
       100         18          0         20          0       1225   system_stm32f4xx.o
       232         92          0          0         60       1153   timer.o
       244         34          0          0         60       1781   uart.o

    ----------------------------------------------------------------------
     11402       1754        478         28       1248     432535   Object Totals
         0          0         32          0          0          0   (incl. Generated)
        10          0          0          0          0          0   (incl. Padding)

    ----------------------------------------------------------------------

      Code (inc. data)   RO Data    RW Data    ZI Data      Debug   Library Member Name

         0          0          0          0          0          0   entry.o
         0          0          0          0          0          0   entry10a.o
         0          0          0          0          0          0   entry11a.o
         8          4          0          0          0          0   entry2.o
         4          0          0          0          0          0   entry5.o
         0          0          0          0          0          0   entry7b.o
         0          0          0          0          0          0   entry8b.o
         8          4          0          0          0          0   entry9a.o
        30          0          0          0          0          0   handlers.o
        36          8          0          0          0         68   init.o
       472         14          0          0          0        184   printf3.o
         0          0          0          4          0          0   stdout.o
        44          0          0          0          0         80   uidiv.o

    ----------------------------------------------------------------------
       604         30          0          4          0        332   Library Totals
         2          0          0          0          0          0   (incl. Padding)

    ----------------------------------------------------------------------

      Code (inc. data)   RO Data    RW Data    ZI Data      Debug   Library Name

       602         30          0          4          0        332   mc_w.l

    ----------------------------------------------------------------------
       604         30          0          4          0        332   Library Totals

    ----------------------------------------------------------------------

==============================================================================


      Code (inc. data)   RO Data    RW Data    ZI Data      Debug   

     12006       1784        478         32       1248     427019   Grand Totals
     12006       1784        478         32       1248     427019   ELF Image Totals
     12006       1784        478         32          0          0   ROM Totals

==============================================================================

    Total RO  Size (Code + RO Data)                12484 (  12.19kB)
    Total RW  Size (RW Data + ZI Data)              1280 (   1.25kB)
    Total ROM Size (Code + RO Data + RW Data)      12516 (  12.22kB)

==============================================================================

